Component: ARM Compiler 5.06 update 4 (build 422) Tool: armlink [4d35d2]

==============================================================================

Section Cross References

    startup_stm32f10x_hd.o(RESET) refers to startup_stm32f10x_hd.o(STACK) for __initial_sp
    startup_stm32f10x_hd.o(RESET) refers to startup_stm32f10x_hd.o(.text) for Reset_Handler
    startup_stm32f10x_hd.o(RESET) refers to stm32f10x_it.o(i.NMI_Handler) for NMI_Handler
    startup_stm32f10x_hd.o(RESET) refers to stm32f10x_it.o(i.HardFault_Handler) for HardFault_Handler
    startup_stm32f10x_hd.o(RESET) refers to stm32f10x_it.o(i.MemManage_Handler) for MemManage_Handler
    startup_stm32f10x_hd.o(RESET) refers to stm32f10x_it.o(i.BusFault_Handler) for BusFault_Handler
    startup_stm32f10x_hd.o(RESET) refers to stm32f10x_it.o(i.UsageFault_Handler) for UsageFault_Handler
    startup_stm32f10x_hd.o(RESET) refers to stm32f10x_it.o(i.SVC_Handler) for SVC_Handler
    startup_stm32f10x_hd.o(RESET) refers to stm32f10x_it.o(i.DebugMon_Handler) for DebugMon_Handler
    startup_stm32f10x_hd.o(RESET) refers to stm32f10x_it.o(i.PendSV_Handler) for PendSV_Handler
    startup_stm32f10x_hd.o(RESET) refers to stm32f10x_it.o(i.SysTick_Handler) for SysTick_Handler
    startup_stm32f10x_hd.o(RESET) refers to main.o(i.RTC_IRQHandler) for RTC_IRQHandler
    startup_stm32f10x_hd.o(RESET) refers to main.o(i.RTCAlarm_IRQHandler) for RTCAlarm_IRQHandler
    startup_stm32f10x_hd.o(.text) refers to system_stm32f10x.o(i.SystemInit) for SystemInit
    startup_stm32f10x_hd.o(.text) refers to entry.o(.ARM.Collect$$$$00000000) for __main
    system_stm32f10x.o(i.SetSysClock) refers to system_stm32f10x.o(i.SetSysClockTo72) for SetSysClockTo72
    system_stm32f10x.o(i.SystemCoreClockUpdate) refers to system_stm32f10x.o(.data) for SystemCoreClock
    system_stm32f10x.o(i.SystemInit) refers to system_stm32f10x.o(i.SetSysClock) for SetSysClock
    stm32f10x_adc.o(i.ADC_DeInit) refers to stm32f10x_rcc.o(i.RCC_APB2PeriphResetCmd) for RCC_APB2PeriphResetCmd
    stm32f10x_bkp.o(i.BKP_DeInit) refers to stm32f10x_rcc.o(i.RCC_BackupResetCmd) for RCC_BackupResetCmd
    stm32f10x_can.o(i.CAN_DeInit) refers to stm32f10x_rcc.o(i.RCC_APB1PeriphResetCmd) for RCC_APB1PeriphResetCmd
    stm32f10x_can.o(i.CAN_GetITStatus) refers to stm32f10x_can.o(i.CheckITStatus) for CheckITStatus
    stm32f10x_cec.o(i.CEC_DeInit) refers to stm32f10x_rcc.o(i.RCC_APB1PeriphResetCmd) for RCC_APB1PeriphResetCmd
    stm32f10x_dac.o(i.DAC_DeInit) refers to stm32f10x_rcc.o(i.RCC_APB1PeriphResetCmd) for RCC_APB1PeriphResetCmd
    stm32f10x_flash.o(i.FLASH_EnableWriteProtection) refers to stm32f10x_flash.o(i.FLASH_WaitForLastOperation) for FLASH_WaitForLastOperation
    stm32f10x_flash.o(i.FLASH_EraseAllBank1Pages) refers to stm32f10x_flash.o(i.FLASH_WaitForLastBank1Operation) for FLASH_WaitForLastBank1Operation
    stm32f10x_flash.o(i.FLASH_EraseAllPages) refers to stm32f10x_flash.o(i.FLASH_WaitForLastOperation) for FLASH_WaitForLastOperation
    stm32f10x_flash.o(i.FLASH_EraseOptionBytes) refers to stm32f10x_flash.o(i.FLASH_GetReadOutProtectionStatus) for FLASH_GetReadOutProtectionStatus
    stm32f10x_flash.o(i.FLASH_EraseOptionBytes) refers to stm32f10x_flash.o(i.FLASH_WaitForLastOperation) for FLASH_WaitForLastOperation
    stm32f10x_flash.o(i.FLASH_ErasePage) refers to stm32f10x_flash.o(i.FLASH_WaitForLastOperation) for FLASH_WaitForLastOperation
    stm32f10x_flash.o(i.FLASH_ProgramHalfWord) refers to stm32f10x_flash.o(i.FLASH_WaitForLastOperation) for FLASH_WaitForLastOperation
    stm32f10x_flash.o(i.FLASH_ProgramOptionByteData) refers to stm32f10x_flash.o(i.FLASH_WaitForLastOperation) for FLASH_WaitForLastOperation
    stm32f10x_flash.o(i.FLASH_ProgramWord) refers to stm32f10x_flash.o(i.FLASH_WaitForLastOperation) for FLASH_WaitForLastOperation
    stm32f10x_flash.o(i.FLASH_ReadOutProtection) refers to stm32f10x_flash.o(i.FLASH_WaitForLastOperation) for FLASH_WaitForLastOperation
    stm32f10x_flash.o(i.FLASH_UserOptionByteConfig) refers to stm32f10x_flash.o(i.FLASH_WaitForLastOperation) for FLASH_WaitForLastOperation
    stm32f10x_flash.o(i.FLASH_WaitForLastBank1Operation) refers to stm32f10x_flash.o(i.FLASH_GetBank1Status) for FLASH_GetBank1Status
    stm32f10x_flash.o(i.FLASH_WaitForLastOperation) refers to stm32f10x_flash.o(i.FLASH_GetBank1Status) for FLASH_GetBank1Status
    stm32f10x_gpio.o(i.GPIO_AFIODeInit) refers to stm32f10x_rcc.o(i.RCC_APB2PeriphResetCmd) for RCC_APB2PeriphResetCmd
    stm32f10x_gpio.o(i.GPIO_DeInit) refers to stm32f10x_rcc.o(i.RCC_APB2PeriphResetCmd) for RCC_APB2PeriphResetCmd
    stm32f10x_i2c.o(i.I2C_DeInit) refers to stm32f10x_rcc.o(i.RCC_APB1PeriphResetCmd) for RCC_APB1PeriphResetCmd
    stm32f10x_i2c.o(i.I2C_Init) refers to stm32f10x_rcc.o(i.RCC_GetClocksFreq) for RCC_GetClocksFreq
    stm32f10x_pwr.o(i.PWR_DeInit) refers to stm32f10x_rcc.o(i.RCC_APB1PeriphResetCmd) for RCC_APB1PeriphResetCmd
[...]
    lcd.o(i.LCD_DrawChar) refers to lcd.o(i.LCD_OpenWindow) for LCD_OpenWindow
    lcd.o(i.LCD_DrawChar) refers to lcd.o(i.LCD_Write_Cmd) for LCD_Write_Cmd
    lcd.o(i.LCD_DrawChar) refers to lcd.o(i.LCD_Write_Data) for LCD_Write_Data
    lcd.o(i.LCD_DrawChar) refers to lcd.o(.constdata) for ucAscii_1608
    lcd.o(i.LCD_DrawDot) refers to lcd.o(i.LCD_OpenWindow) for LCD_OpenWindow
    lcd.o(i.LCD_DrawDot) refers to lcd.o(i.LCD_FillColor) for LCD_FillColor
    lcd.o(i.LCD_DrawLine) refers to lcd.o(i.LCD_DrawDot) for LCD_DrawDot
    lcd.o(i.LCD_DrawString) refers to lcd.o(i.LCD_DrawChar) for LCD_DrawChar
    lcd.o(i.LCD_FSMC_Config) refers to stm32f10x_rcc.o(i.RCC_AHBPeriphClockCmd) for RCC_AHBPeriphClockCmd
    lcd.o(i.LCD_FSMC_Config) refers to stm32f10x_fsmc.o(i.FSMC_NORSRAMInit) for FSMC_NORSRAMInit
    lcd.o(i.LCD_FSMC_Config) refers to stm32f10x_fsmc.o(i.FSMC_NORSRAMCmd) for FSMC_NORSRAMCmd
    lcd.o(i.LCD_FillColor) refers to lcd.o(i.LCD_Write_Cmd) for LCD_Write_Cmd
    lcd.o(i.LCD_FillColor) refers to lcd.o(i.LCD_Write_Data) for LCD_Write_Data
    lcd.o(i.LCD_GPIO_Config) refers to stm32f10x_rcc.o(i.RCC_APB2PeriphClockCmd) for RCC_APB2PeriphClockCmd
    lcd.o(i.LCD_GPIO_Config) refers to stm32f10x_gpio.o(i.GPIO_Init) for GPIO_Init
    lcd.o(i.LCD_GetPointPixel) refers to lcd.o(i.LCD_OpenWindow) for LCD_OpenWindow
    lcd.o(i.LCD_GetPointPixel) refers to lcd.o(i.LCD_Read_PixelData) for LCD_Read_PixelData
    lcd.o(i.LCD_INIT) refers to lcd.o(i.LCD_GPIO_Config) for LCD_GPIO_Config
    lcd.o(i.LCD_INIT) refers to lcd.o(i.LCD_FSMC_Config) for LCD_FSMC_Config
    lcd.o(i.LCD_INIT) refers to lcd.o(i.LCD_BackLed_Control) for LCD_BackLed_Control
    lcd.o(i.LCD_INIT) refers to lcd.o(i.LCD_Rst) for LCD_Rst
    lcd.o(i.LCD_INIT) refers to lcd.o(i.LCD_REG_Config) for LCD_REG_Config
    lcd.o(i.LCD_INIT) refers to lcd.o(i.LCD_Clear) for LCD_Clear
    lcd.o(i.LCD_OpenWindow) refers to lcd.o(i.LCD_Write_Cmd) for LCD_Write_Cmd
    lcd.o(i.LCD_OpenWindow) refers to lcd.o(i.LCD_Write_Data) for LCD_Write_Data
    lcd.o(i.LCD_REG_Config) refers to lcd.o(i.LCD_Write_Cmd) for LCD_Write_Cmd
    lcd.o(i.LCD_REG_Config) refers to lcd.o(i.LCD_Write_Data) for LCD_Write_Data
    lcd.o(i.LCD_REG_Config) refers to lcd.o(i.Delay) for Delay
    lcd.o(i.LCD_Read_PixelData) refers to lcd.o(i.LCD_Write_Cmd) for LCD_Write_Cmd
    lcd.o(i.LCD_Read_PixelData) refers to lcd.o(i.LCD_Read_Data) for LCD_Read_Data
    lcd.o(i.LCD_Rst) refers to stm32f10x_gpio.o(i.GPIO_ResetBits) for GPIO_ResetBits
    lcd.o(i.LCD_Rst) refers to lcd.o(i.Delay) for Delay
    lcd.o(i.LCD_Rst) refers to stm32f10x_gpio.o(i.GPIO_SetBits) for GPIO_SetBits
    i2c_gy80.o(i.GPIO_Configuration) refers to stm32f10x_gpio.o(i.GPIO_Init) for GPIO_Init
    i2c_gy80.o(i.I2C_ByteRead) refers to stm32f10x_i2c.o(i.I2C_GetFlagStatus) for I2C_GetFlagStatus
    i2c_gy80.o(i.I2C_ByteRead) refers to stm32f10x_i2c.o(i.I2C_GenerateSTART) for I2C_GenerateSTART
    i2c_gy80.o(i.I2C_ByteRead) refers to stm32f10x_i2c.o(i.I2C_CheckEvent) for I2C_CheckEvent
    i2c_gy80.o(i.I2C_ByteRead) refers to stm32f10x_i2c.o(i.I2C_Send7bitAddress) for I2C_Send7bitAddress
    i2c_gy80.o(i.I2C_ByteRead) refers to stm32f10x_i2c.o(i.I2C_SendData) for I2C_SendData
    i2c_gy80.o(i.I2C_ByteRead) refers to stm32f10x_i2c.o(i.I2C_AcknowledgeConfig) for I2C_AcknowledgeConfig
    i2c_gy80.o(i.I2C_ByteRead) refers to stm32f10x_i2c.o(i.I2C_GenerateSTOP) for I2C_GenerateSTOP
    i2c_gy80.o(i.I2C_ByteRead) refers to stm32f10x_i2c.o(i.I2C_ReceiveData) for I2C_ReceiveData
    i2c_gy80.o(i.I2C_ByteRead) refers to i2c_gy80.o(i.LongDelay) for LongDelay
    i2c_gy80.o(i.I2C_ByteWrite) refers to stm32f10x_i2c.o(i.I2C_GenerateSTART) for I2C_GenerateSTART
    i2c_gy80.o(i.I2C_ByteWrite) refers to stm32f10x_i2c.o(i.I2C_CheckEvent) for I2C_CheckEvent
    i2c_gy80.o(i.I2C_ByteWrite) refers to stm32f10x_i2c.o(i.I2C_Send7bitAddress) for I2C_Send7bitAddress
    i2c_gy80.o(i.I2C_ByteWrite) refers to stm32f10x_i2c.o(i.I2C_SendData) for I2C_SendData
    i2c_gy80.o(i.I2C_ByteWrite) refers to stm32f10x_i2c.o(i.I2C_GenerateSTOP) for I2C_GenerateSTOP
    i2c_gy80.o(i.I2C_ByteWrite) refers to i2c_gy80.o(i.LongDelay) for LongDelay
    i2c_gy80.o(i.I2C_Configuration) refers to stm32f10x_i2c.o(i.I2C_Cmd) for I2C_Cmd
    i2c_gy80.o(i.I2C_Configuration) refers to stm32f10x_i2c.o(i.I2C_Init) for I2C_Init
    i2c_gy80.o(i.I2C_GY80_Init) refers to stm32f10x_rcc.o(i.RCC_APB1PeriphClockCmd) for RCC_APB1PeriphClockCmd
    i2c_gy80.o(i.I2C_GY80_Init) refers to stm32f10x_rcc.o(i.RCC_APB2PeriphClockCmd) for RCC_APB2PeriphClockCmd
    i2c_gy80.o(i.I2C_GY80_Init) refers to i2c_gy80.o(i.GPIO_Configuration) for GPIO_Configuration
    i2c_gy80.o(i.I2C_GY80_Init) refers to i2c_gy80.o(i.I2C_Configuration) for I2C_Configuration
    entry.o(.ARM.Collect$$$$00000000) refers (Special) to entry10a.o(.ARM.Collect$$$$0000000D) for __rt_final_cpp
    entry.o(.ARM.Collect$$$$00000000) refers (Special) to entry11a.o(.ARM.Collect$$$$0000000F) for __rt_final_exit
    entry.o(.ARM.Collect$$$$00000000) refers (Special) to entry7b.o(.ARM.Collect$$$$00000008) for _main_clock
    entry.o(.ARM.Collect$$$$00000000) refers (Special) to entry8b.o(.ARM.Collect$$$$0000000A) for _main_cpp_init
    entry.o(.ARM.Collect$$$$00000000) refers (Special) to entry9a.o(.ARM.Collect$$$$0000000B) for _main_init
    entry.o(.ARM.Collect$$$$00000000) refers (Special) to entry5.o(.ARM.Collect$$$$00000004) for _main_scatterload
    entry.o(.ARM.Collect$$$$00000000) refers (Special) to entry2.o(.ARM.Collect$$$$00000001) for _main_stk
    dmul.o(.text) refers (Special) to iusefp.o(.text) for __I$use$fp
    dmul.o(.text) refers to depilogue.o(.text) for _double_epilogue
    dflti.o(.text) refers (Special) to iusefp.o(.text) for __I$use$fp
    dflti.o(.text) refers to depilogue.o(.text) for _double_epilogue
    dfixi.o(.text) refers (Special) to iusefp.o(.text) for __I$use$fp
    dfixi.o(.text) refers to llushr.o(.text) for __aeabi_llsr
    entry2.o(.ARM.Collect$$$$00000001) refers to entry2.o(.ARM.Collect$$$$00002712) for __lit__00000000
    entry2.o(.ARM.Collect$$$$00002712) refers to startup_stm32f10x_hd.o(STACK) for __initial_sp
    entry2.o(__vectab_stack_and_reset_area) refers to startup_stm32f10x_hd.o(STACK) for __initial_sp
    entry2.o(__vectab_stack_and_reset_area) refers to entry.o(.ARM.Collect$$$$00000000) for __main
    entry5.o(.ARM.Collect$$$$00000004) refers to init.o(.text) for __scatterload
    entry9a.o(.ARM.Collect$$$$0000000B) refers to main.o(i.main) for main
    entry9b.o(.ARM.Collect$$$$0000000C) refers to main.o(i.main) for main
    depilogue.o(.text) refers to llshl.o(.text) for __aeabi_llsl
    depilogue.o(.text) refers to llushr.o(.text) for __aeabi_llsr
    init.o(.text) refers to entry5.o(.ARM.Collect$$$$00000004) for __main_after_scatterload


==============================================================================

Removing Unused input sections from the image.

    Removing startup_stm32f10x_hd.o(HEAP), (512 bytes).
    Removing core_cm3.o(.emb_text), (32 bytes).
    Removing system_stm32f10x.o(i.SystemCoreClockUpdate), (164 bytes).
    Removing system_stm32f10x.o(.data), (20 bytes).
    Removing misc.o(i.NVIC_PriorityGroupConfig), (20 bytes).
    Removing misc.o(i.NVIC_SetVectorTable), (20 bytes).
    Removing misc.o(i.NVIC_SystemLPConfig), (32 bytes).
    Removing misc.o(i.SysTick_CLKSourceConfig), (40 bytes).
    Removing stm32f10x_adc.o(i.ADC_AnalogWatchdogCmd), (20 bytes).
    Removing stm32f10x_adc.o(i.ADC_AnalogWatchdogSingleChannelConfig), (16 bytes).
    Removing stm32f10x_adc.o(i.ADC_AnalogWatchdogThresholdsConfig), (6 bytes).
    Removing stm32f10x_adc.o(i.ADC_AutoInjectedConvCmd), (22 bytes).
    Removing stm32f10x_adc.o(i.ADC_ClearFlag), (6 bytes).
    Removing stm32f10x_adc.o(i.ADC_ClearITPendingBit), (10 bytes).
    Removing stm32f10x_adc.o(i.ADC_Cmd), (22 bytes).
    Removing stm32f10x_adc.o(i.ADC_DMACmd), (22 bytes).
    Removing stm32f10x_adc.o(i.ADC_DeInit), (92 bytes).
    Removing stm32f10x_adc.o(i.ADC_DiscModeChannelCountConfig), (24 bytes).
    Removing stm32f10x_adc.o(i.ADC_DiscModeCmd), (22 bytes).
    Removing stm32f10x_adc.o(i.ADC_ExternalTrigConvCmd), (22 bytes).
    Removing stm32f10x_adc.o(i.ADC_ExternalTrigInjectedConvCmd), (22 bytes).
    Removing stm32f10x_adc.o(i.ADC_ExternalTrigInjectedConvConfig), (16 bytes).
    Removing stm32f10x_adc.o(i.ADC_GetCalibrationStatus), (20 bytes).
    Removing stm32f10x_adc.o(i.ADC_GetConversionValue), (8 bytes).
    Removing stm32f10x_adc.o(i.ADC_GetDualModeConversionValue), (12 bytes).
    Removing stm32f10x_adc.o(i.ADC_GetFlagStatus), (18 bytes).
    Removing stm32f10x_adc.o(i.ADC_GetITStatus), (36 bytes).
    Removing stm32f10x_adc.o(i.ADC_GetInjectedConversionValue), (28 bytes).
    Removing stm32f10x_adc.o(i.ADC_GetResetCalibrationStatus), (20 bytes).
    Removing stm32f10x_adc.o(i.ADC_GetSoftwareStartConvStatus), (20 bytes).
    Removing stm32f10x_adc.o(i.ADC_GetSoftwareStartInjectedConvCmdStatus), (20 bytes).
    Removing stm32f10x_adc.o(i.ADC_ITConfig), (24 bytes).
    Removing stm32f10x_adc.o(i.ADC_Init), (80 bytes).
    Removing stm32f10x_adc.o(i.ADC_InjectedChannelConfig), (130 bytes).
    Removing stm32f10x_adc.o(i.ADC_InjectedDiscModeCmd), (22 bytes).
    Removing stm32f10x_adc.o(i.ADC_InjectedSequencerLengthConfig), (24 bytes).
    Removing stm32f10x_adc.o(i.ADC_RegularChannelConfig), (184 bytes).
    Removing stm32f10x_adc.o(i.ADC_ResetCalibration), (10 bytes).
    Removing stm32f10x_adc.o(i.ADC_SetInjectedOffset), (20 bytes).
    Removing stm32f10x_adc.o(i.ADC_SoftwareStartConvCmd), (22 bytes).
    Removing stm32f10x_adc.o(i.ADC_SoftwareStartInjectedConvCmd), (22 bytes).
    Removing stm32f10x_adc.o(i.ADC_StartCalibration), (10 bytes).
    Removing stm32f10x_adc.o(i.ADC_StructInit), (18 bytes).
    Removing stm32f10x_adc.o(i.ADC_TempSensorVrefintCmd), (36 bytes).
    Removing stm32f10x_bkp.o(i.BKP_ClearFlag), (20 bytes).
    Removing stm32f10x_bkp.o(i.BKP_ClearITPendingBit), (20 bytes).
    Removing stm32f10x_bkp.o(i.BKP_DeInit), (16 bytes).
    Removing stm32f10x_bkp.o(i.BKP_GetFlagStatus), (12 bytes).
    Removing stm32f10x_bkp.o(i.BKP_GetITStatus), (12 bytes).
    Removing stm32f10x_bkp.o(i.BKP_ITConfig), (12 bytes).
    Removing stm32f10x_bkp.o(i.BKP_RTCOutputConfig), (28 bytes).
    Removing stm32f10x_bkp.o(i.BKP_ReadBackupRegister), (28 bytes).
    Removing stm32f10x_bkp.o(i.BKP_SetRTCCalibrationValue), (28 bytes).
    Removing stm32f10x_bkp.o(i.BKP_TamperPinCmd), (12 bytes).
    Removing stm32f10x_bkp.o(i.BKP_TamperPinLevelConfig), (12 bytes).
    Removing stm32f10x_bkp.o(i.BKP_WriteBackupRegister), (28 bytes).
    Removing stm32f10x_can.o(i.CAN_CancelTransmit), (48 bytes).
    Removing stm32f10x_can.o(i.CAN_ClearFlag), (56 bytes).
    Removing stm32f10x_can.o(i.CAN_ClearITPendingBit), (168 bytes).
    Removing stm32f10x_can.o(i.CAN_DBGFreeze), (22 bytes).
    Removing stm32f10x_can.o(i.CAN_DeInit), (56 bytes).
    Removing stm32f10x_can.o(i.CAN_FIFORelease), (22 bytes).
    Removing stm32f10x_can.o(i.CAN_FilterInit), (264 bytes).
    Removing stm32f10x_can.o(i.CAN_GetFlagStatus), (120 bytes).
    Removing stm32f10x_can.o(i.CAN_GetITStatus), (288 bytes).
    Removing stm32f10x_can.o(i.CAN_GetLSBTransmitErrorCounter), (12 bytes).
    Removing stm32f10x_can.o(i.CAN_GetLastErrorCode), (12 bytes).
    Removing stm32f10x_can.o(i.CAN_GetReceiveErrorCounter), (10 bytes).
    Removing stm32f10x_can.o(i.CAN_ITConfig), (18 bytes).
    Removing stm32f10x_can.o(i.CAN_Init), (276 bytes).
    Removing stm32f10x_can.o(i.CAN_MessagePending), (30 bytes).
    Removing stm32f10x_can.o(i.CAN_OperatingModeRequest), (162 bytes).
    Removing stm32f10x_can.o(i.CAN_Receive), (240 bytes).
    Removing stm32f10x_can.o(i.CAN_SlaveStartBank), (52 bytes).
    Removing stm32f10x_can.o(i.CAN_Sleep), (30 bytes).
    Removing stm32f10x_can.o(i.CAN_StructInit), (32 bytes).
    Removing stm32f10x_can.o(i.CAN_TTComModeCmd), (118 bytes).
    Removing stm32f10x_can.o(i.CAN_Transmit), (294 bytes).
    Removing stm32f10x_can.o(i.CAN_TransmitStatus), (160 bytes).
    Removing stm32f10x_can.o(i.CAN_WakeUp), (48 bytes).
    Removing stm32f10x_can.o(i.CheckITStatus), (18 bytes).
    Removing stm32f10x_cec.o(i.CEC_ClearFlag), (36 bytes).
    Removing stm32f10x_cec.o(i.CEC_ClearITPendingBit), (36 bytes).
    Removing stm32f10x_cec.o(i.CEC_Cmd), (32 bytes).
    Removing stm32f10x_cec.o(i.CEC_DeInit), (22 bytes).
    Removing stm32f10x_cec.o(i.CEC_EndOfMessageCmd), (12 bytes).
    Removing stm32f10x_cec.o(i.CEC_GetFlagStatus), (48 bytes).
    Removing stm32f10x_cec.o(i.CEC_GetITStatus), (40 bytes).
    Removing stm32f10x_cec.o(i.CEC_ITConfig), (12 bytes).
    Removing stm32f10x_cec.o(i.CEC_Init), (32 bytes).
    Removing stm32f10x_cec.o(i.CEC_OwnAddressConfig), (12 bytes).
    Removing stm32f10x_cec.o(i.CEC_ReceiveDataByte), (12 bytes).
    Removing stm32f10x_cec.o(i.CEC_SendDataByte), (12 bytes).
    Removing stm32f10x_cec.o(i.CEC_SetPrescaler), (12 bytes).
    Removing stm32f10x_cec.o(i.CEC_StartOfMessage), (12 bytes).
    Removing stm32f10x_crc.o(i.CRC_CalcBlockCRC), (36 bytes).
    Removing stm32f10x_crc.o(i.CRC_CalcCRC), (16 bytes).
    Removing stm32f10x_crc.o(i.CRC_GetCRC), (12 bytes).
    Removing stm32f10x_crc.o(i.CRC_GetIDRegister), (12 bytes).
    Removing stm32f10x_crc.o(i.CRC_ResetDR), (12 bytes).
    Removing stm32f10x_crc.o(i.CRC_SetIDRegister), (12 bytes).
    Removing stm32f10x_dac.o(i.DAC_Cmd), (40 bytes).
    Removing stm32f10x_dac.o(i.DAC_DMACmd), (44 bytes).
    Removing stm32f10x_dac.o(i.DAC_DeInit), (22 bytes).
    Removing stm32f10x_dac.o(i.DAC_DualSoftwareTriggerCmd), (36 bytes).
    Removing stm32f10x_dac.o(i.DAC_GetDataOutputValue), (36 bytes).
    Removing stm32f10x_dac.o(i.DAC_Init), (52 bytes).
    Removing stm32f10x_dac.o(i.DAC_SetChannel1Data), (32 bytes).
    Removing stm32f10x_dac.o(i.DAC_SetChannel2Data), (32 bytes).
    Removing stm32f10x_dac.o(i.DAC_SetDualChannelData), (36 bytes).
    Removing stm32f10x_dac.o(i.DAC_SoftwareTriggerCmd), (44 bytes).
    Removing stm32f10x_dac.o(i.DAC_StructInit), (12 bytes).
    Removing stm32f10x_dac.o(i.DAC_WaveGenerationCmd), (40 bytes).
    Removing stm32f10x_dbgmcu.o(i.DBGMCU_Config), (32 bytes).
    Removing stm32f10x_dbgmcu.o(i.DBGMCU_GetDEVID), (16 bytes).
    Removing stm32f10x_dbgmcu.o(i.DBGMCU_GetREVID), (12 bytes).
    Removing stm32f10x_dma.o(i.DMA_ClearFlag), (28 bytes).
    Removing stm32f10x_dma.o(i.DMA_ClearITPendingBit), (28 bytes).
    Removing stm32f10x_dma.o(i.DMA_Cmd), (24 bytes).
    Removing stm32f10x_dma.o(i.DMA_DeInit), (332 bytes).
    Removing stm32f10x_dma.o(i.DMA_GetCurrDataCounter), (8 bytes).
    Removing stm32f10x_dma.o(i.DMA_GetFlagStatus), (44 bytes).
    Removing stm32f10x_dma.o(i.DMA_GetITStatus), (44 bytes).
    Removing stm32f10x_dma.o(i.DMA_ITConfig), (18 bytes).
    Removing stm32f10x_dma.o(i.DMA_Init), (60 bytes).
    Removing stm32f10x_dma.o(i.DMA_SetCurrDataCounter), (4 bytes).
    Removing stm32f10x_dma.o(i.DMA_StructInit), (26 bytes).
    Removing stm32f10x_exti.o(i.EXTI_ClearFlag), (12 bytes).
    Removing stm32f10x_exti.o(i.EXTI_ClearITPendingBit), (12 bytes).
    Removing stm32f10x_exti.o(i.EXTI_DeInit), (36 bytes).
    Removing stm32f10x_exti.o(i.EXTI_GenerateSWInterrupt), (16 bytes).
    Removing stm32f10x_exti.o(i.EXTI_GetFlagStatus), (24 bytes).
    Removing stm32f10x_exti.o(i.EXTI_GetITStatus), (40 bytes).
    Removing stm32f10x_exti.o(i.EXTI_Init), (148 bytes).
    Removing stm32f10x_exti.o(i.EXTI_StructInit), (16 bytes).
    Removing stm32f10x_flash.o(i.FLASH_ClearFlag), (12 bytes).
    Removing stm32f10x_flash.o(i.FLASH_EnableWriteProtection), (196 bytes).
    Removing stm32f10x_flash.o(i.FLASH_EraseAllBank1Pages), (72 bytes).
    Removing stm32f10x_flash.o(i.FLASH_EraseAllPages), (72 bytes).
    Removing stm32f10x_flash.o(i.FLASH_EraseOptionBytes), (168 bytes).
    Removing stm32f10x_flash.o(i.FLASH_ErasePage), (76 bytes).
    Removing stm32f10x_flash.o(i.FLASH_GetBank1Status), (52 bytes).
    Removing stm32f10x_flash.o(i.FLASH_GetFlagStatus), (48 bytes).
    Removing stm32f10x_flash.o(i.FLASH_GetPrefetchBufferStatus), (24 bytes).
    Removing stm32f10x_flash.o(i.FLASH_GetReadOutProtectionStatus), (24 bytes).
    Removing stm32f10x_flash.o(i.FLASH_GetStatus), (52 bytes).
    Removing stm32f10x_flash.o(i.FLASH_GetUserOptionByte), (12 bytes).
    Removing stm32f10x_flash.o(i.FLASH_GetWriteProtectionOptionByte), (12 bytes).
    Removing stm32f10x_flash.o(i.FLASH_HalfCycleAccessCmd), (28 bytes).
    Removing stm32f10x_flash.o(i.FLASH_ITConfig), (32 bytes).
    Removing stm32f10x_flash.o(i.FLASH_Lock), (20 bytes).
    Removing stm32f10x_flash.o(i.FLASH_LockBank1), (20 bytes).
    Removing stm32f10x_flash.o(i.FLASH_PrefetchBufferCmd), (28 bytes).
    Removing stm32f10x_flash.o(i.FLASH_ProgramHalfWord), (64 bytes).
    Removing stm32f10x_flash.o(i.FLASH_ProgramOptionByteData), (84 bytes).
    Removing stm32f10x_flash.o(i.FLASH_ProgramWord), (108 bytes).
    Removing stm32f10x_flash.o(i.FLASH_ReadOutProtection), (172 bytes).
    Removing stm32f10x_flash.o(i.FLASH_SetLatency), (24 bytes).
    Removing stm32f10x_flash.o(i.FLASH_Unlock), (24 bytes).
    Removing stm32f10x_flash.o(i.FLASH_UnlockBank1), (24 bytes).
    Removing stm32f10x_flash.o(i.FLASH_UserOptionByteConfig), (104 bytes).
    Removing stm32f10x_flash.o(i.FLASH_WaitForLastBank1Operation), (38 bytes).
    Removing stm32f10x_flash.o(i.FLASH_WaitForLastOperation), (38 bytes).
    Removing stm32f10x_fsmc.o(i.FSMC_ClearFlag), (64 bytes).
    Removing stm32f10x_fsmc.o(i.FSMC_ClearITPendingBit), (72 bytes).
    Removing stm32f10x_fsmc.o(i.FSMC_GetECC), (28 bytes).
    Removing stm32f10x_fsmc.o(i.FSMC_GetFlagStatus), (56 bytes).
    Removing stm32f10x_fsmc.o(i.FSMC_GetITStatus), (68 bytes).
    Removing stm32f10x_fsmc.o(i.FSMC_ITConfig), (128 bytes).
    Removing stm32f10x_fsmc.o(i.FSMC_NANDCmd), (92 bytes).
    Removing stm32f10x_fsmc.o(i.FSMC_NANDDeInit), (68 bytes).
    Removing stm32f10x_fsmc.o(i.FSMC_NANDECCCmd), (92 bytes).
    Removing stm32f10x_fsmc.o(i.FSMC_NANDInit), (136 bytes).
    Removing stm32f10x_fsmc.o(i.FSMC_NANDStructInit), (54 bytes).
    Removing stm32f10x_fsmc.o(i.FSMC_NORSRAMDeInit), (54 bytes).
    Removing stm32f10x_fsmc.o(i.FSMC_NORSRAMStructInit), (114 bytes).
    Removing stm32f10x_fsmc.o(i.FSMC_PCCARDCmd), (48 bytes).
    Removing stm32f10x_fsmc.o(i.FSMC_PCCARDDeInit), (40 bytes).
    Removing stm32f10x_fsmc.o(i.FSMC_PCCARDInit), (132 bytes).
    Removing stm32f10x_fsmc.o(i.FSMC_PCCARDStructInit), (60 bytes).
    Removing stm32f10x_gpio.o(i.GPIO_AFIODeInit), (20 bytes).
    Removing stm32f10x_gpio.o(i.GPIO_DeInit), (200 bytes).
    Removing stm32f10x_gpio.o(i.GPIO_ETH_MediaInterfaceConfig), (12 bytes).
    Removing stm32f10x_gpio.o(i.GPIO_EXTILineConfig), (64 bytes).
    Removing stm32f10x_gpio.o(i.GPIO_EventOutputCmd), (12 bytes).
    Removing stm32f10x_gpio.o(i.GPIO_EventOutputConfig), (32 bytes).
    Removing stm32f10x_gpio.o(i.GPIO_PinLockConfig), (18 bytes).
    Removing stm32f10x_gpio.o(i.GPIO_PinRemapConfig), (144 bytes).
    Removing stm32f10x_gpio.o(i.GPIO_ReadInputData), (8 bytes).
    Removing stm32f10x_gpio.o(i.GPIO_ReadOutputData), (8 bytes).
    Removing stm32f10x_gpio.o(i.GPIO_ReadOutputDataBit), (18 bytes).
    Removing stm32f10x_gpio.o(i.GPIO_StructInit), (16 bytes).
    Removing stm32f10x_gpio.o(i.GPIO_Write), (4 bytes).
    Removing stm32f10x_gpio.o(i.GPIO_WriteBit), (10 bytes).
    Removing stm32f10x_i2c.o(i.I2C_ARPCmd), (24 bytes).
    Removing stm32f10x_i2c.o(i.I2C_AcknowledgeConfig), (24 bytes).
    Removing stm32f10x_i2c.o(i.I2C_CalculatePEC), (24 bytes).
    Removing stm32f10x_i2c.o(i.I2C_CheckEvent), (42 bytes).
    Removing stm32f10x_i2c.o(i.I2C_ClearFlag), (12 bytes).
    Removing stm32f10x_i2c.o(i.I2C_ClearITPendingBit), (12 bytes).
    Removing stm32f10x_i2c.o(i.I2C_Cmd), (24 bytes).
    Removing stm32f10x_i2c.o(i.I2C_DMACmd), (24 bytes).
    Removing stm32f10x_i2c.o(i.I2C_DMALastTransferCmd), (24 bytes).
    Removing stm32f10x_i2c.o(i.I2C_DeInit), (56 bytes).
    Removing stm32f10x_i2c.o(i.I2C_DualAddressCmd), (24 bytes).
    Removing stm32f10x_i2c.o(i.I2C_FastModeDutyCycleConfig), (28 bytes).
    Removing stm32f10x_i2c.o(i.I2C_GeneralCallCmd), (24 bytes).
    Removing stm32f10x_i2c.o(i.I2C_GenerateSTART), (24 bytes).
    Removing stm32f10x_i2c.o(i.I2C_GenerateSTOP), (24 bytes).
    Removing stm32f10x_i2c.o(i.I2C_GetFlagStatus), (58 bytes).
    Removing stm32f10x_i2c.o(i.I2C_GetITStatus), (38 bytes).
    Removing stm32f10x_i2c.o(i.I2C_GetLastEvent), (26 bytes).
    Removing stm32f10x_i2c.o(i.I2C_GetPEC), (8 bytes).
    Removing stm32f10x_i2c.o(i.I2C_ITConfig), (18 bytes).
    Removing stm32f10x_i2c.o(i.I2C_Init), (236 bytes).
    Removing stm32f10x_i2c.o(i.I2C_NACKPositionConfig), (28 bytes).
    Removing stm32f10x_i2c.o(i.I2C_OwnAddress2Config), (22 bytes).
    Removing stm32f10x_i2c.o(i.I2C_PECPositionConfig), (28 bytes).
    Removing stm32f10x_i2c.o(i.I2C_ReadRegister), (22 bytes).
    Removing stm32f10x_i2c.o(i.I2C_ReceiveData), (8 bytes).
    Removing stm32f10x_i2c.o(i.I2C_SMBusAlertConfig), (28 bytes).
    Removing stm32f10x_i2c.o(i.I2C_Send7bitAddress), (18 bytes).
    Removing stm32f10x_i2c.o(i.I2C_SendData), (4 bytes).
    Removing stm32f10x_i2c.o(i.I2C_SoftwareResetCmd), (22 bytes).
    Removing stm32f10x_i2c.o(i.I2C_StretchClockCmd), (24 bytes).
    Removing stm32f10x_i2c.o(i.I2C_StructInit), (30 bytes).
    Removing stm32f10x_i2c.o(i.I2C_TransmitPEC), (24 bytes).
    Removing stm32f10x_iwdg.o(i.IWDG_Enable), (16 bytes).
    Removing stm32f10x_iwdg.o(i.IWDG_GetFlagStatus), (24 bytes).
    Removing stm32f10x_iwdg.o(i.IWDG_ReloadCounter), (16 bytes).
    Removing stm32f10x_iwdg.o(i.IWDG_SetPrescaler), (12 bytes).
    Removing stm32f10x_iwdg.o(i.IWDG_SetReload), (12 bytes).
    Removing stm32f10x_iwdg.o(i.IWDG_WriteAccessCmd), (12 bytes).
    Removing stm32f10x_pwr.o(i.PWR_ClearFlag), (20 bytes).
    Removing stm32f10x_pwr.o(i.PWR_DeInit), (22 bytes).
    Removing stm32f10x_pwr.o(i.PWR_EnterSTANDBYMode), (52 bytes).
    Removing stm32f10x_pwr.o(i.PWR_EnterSTOPMode), (64 bytes).
    Removing stm32f10x_pwr.o(i.PWR_GetFlagStatus), (24 bytes).
    Removing stm32f10x_pwr.o(i.PWR_PVDCmd), (12 bytes).
    Removing stm32f10x_pwr.o(i.PWR_PVDLevelConfig), (24 bytes).
    Removing stm32f10x_pwr.o(i.PWR_WakeUpPinCmd), (12 bytes).
    Removing stm32f10x_rcc.o(i.RCC_ADCCLKConfig), (24 bytes).
    Removing stm32f10x_rcc.o(i.RCC_APB1PeriphResetCmd), (32 bytes).
    Removing stm32f10x_rcc.o(i.RCC_APB2PeriphResetCmd), (32 bytes).
    Removing stm32f10x_rcc.o(i.RCC_AdjustHSICalibrationValue), (24 bytes).
    Removing stm32f10x_rcc.o(i.RCC_BackupResetCmd), (12 bytes).
    Removing stm32f10x_rcc.o(i.RCC_ClearFlag), (20 bytes).
    Removing stm32f10x_rcc.o(i.RCC_ClearITPendingBit), (12 bytes).
    Removing stm32f10x_rcc.o(i.RCC_ClockSecuritySystemCmd), (12 bytes).
    Removing stm32f10x_rcc.o(i.RCC_DeInit), (76 bytes).
    Removing stm32f10x_rcc.o(i.RCC_GetClocksFreq), (212 bytes).
    Removing stm32f10x_rcc.o(i.RCC_GetFlagStatus), (60 bytes).
    Removing stm32f10x_rcc.o(i.RCC_GetITStatus), (24 bytes).
    Removing stm32f10x_rcc.o(i.RCC_GetSYSCLKSource), (16 bytes).
    Removing stm32f10x_rcc.o(i.RCC_HCLKConfig), (24 bytes).
    Removing stm32f10x_rcc.o(i.RCC_HSEConfig), (76 bytes).
    Removing stm32f10x_rcc.o(i.RCC_HSICmd), (12 bytes).
    Removing stm32f10x_rcc.o(i.RCC_ITConfig), (32 bytes).
    Removing stm32f10x_rcc.o(i.RCC_LSEConfig), (52 bytes).
    Removing stm32f10x_rcc.o(i.RCC_LSICmd), (12 bytes).
    Removing stm32f10x_rcc.o(i.RCC_MCOConfig), (12 bytes).
    Removing stm32f10x_rcc.o(i.RCC_PCLK1Config), (24 bytes).
    Removing stm32f10x_rcc.o(i.RCC_PCLK2Config), (24 bytes).
    Removing stm32f10x_rcc.o(i.RCC_PLLCmd), (12 bytes).
    Removing stm32f10x_rcc.o(i.RCC_PLLConfig), (28 bytes).
    Removing stm32f10x_rcc.o(i.RCC_SYSCLKConfig), (24 bytes).
    Removing stm32f10x_rcc.o(i.RCC_USBCLKConfig), (12 bytes).
    Removing stm32f10x_rcc.o(i.RCC_WaitForHSEStartUp), (56 bytes).
    Removing stm32f10x_rcc.o(.data), (20 bytes).
    Removing stm32f10x_rtc.o(i.RTC_ClearFlag), (16 bytes).
    Removing stm32f10x_rtc.o(i.RTC_GetCounter), (20 bytes).
    Removing stm32f10x_rtc.o(i.RTC_GetDivider), (24 bytes).
    Removing stm32f10x_rtc.o(i.RTC_GetFlagStatus), (24 bytes).
    Removing stm32f10x_rtc.o(i.RTC_SetAlarm), (28 bytes).
    Removing stm32f10x_sdio.o(i.SDIO_CEATAITCmd), (16 bytes).
    Removing stm32f10x_sdio.o(i.SDIO_ClearFlag), (12 bytes).
    Removing stm32f10x_sdio.o(i.SDIO_ClearITPendingBit), (12 bytes).
    Removing stm32f10x_sdio.o(i.SDIO_ClockCmd), (12 bytes).
    Removing stm32f10x_sdio.o(i.SDIO_CmdStructInit), (14 bytes).
    Removing stm32f10x_sdio.o(i.SDIO_CommandCompletionCmd), (12 bytes).
    Removing stm32f10x_sdio.o(i.SDIO_DMACmd), (12 bytes).
    Removing stm32f10x_sdio.o(i.SDIO_DataConfig), (48 bytes).
    Removing stm32f10x_sdio.o(i.SDIO_DataStructInit), (20 bytes).
    Removing stm32f10x_sdio.o(i.SDIO_DeInit), (36 bytes).
    Removing stm32f10x_sdio.o(i.SDIO_GetCommandResponse), (12 bytes).
    Removing stm32f10x_sdio.o(i.SDIO_GetDataCounter), (12 bytes).
    Removing stm32f10x_sdio.o(i.SDIO_GetFIFOCount), (12 bytes).
    Removing stm32f10x_sdio.o(i.SDIO_GetFlagStatus), (24 bytes).
    Removing stm32f10x_sdio.o(i.SDIO_GetITStatus), (24 bytes).
    Removing stm32f10x_sdio.o(i.SDIO_GetPowerState), (16 bytes).
    Removing stm32f10x_sdio.o(i.SDIO_GetResponse), (24 bytes).
    Removing stm32f10x_sdio.o(i.SDIO_ITConfig), (32 bytes).
    Removing stm32f10x_sdio.o(i.SDIO_Init), (48 bytes).
    Removing stm32f10x_sdio.o(i.SDIO_ReadData), (12 bytes).
    Removing stm32f10x_sdio.o(i.SDIO_SendCEATACmd), (12 bytes).
    Removing stm32f10x_sdio.o(i.SDIO_SendCommand), (44 bytes).
    Removing stm32f10x_sdio.o(i.SDIO_SendSDIOSuspendCmd), (12 bytes).
    Removing stm32f10x_sdio.o(i.SDIO_SetPowerState), (28 bytes).
    Removing stm32f10x_sdio.o(i.SDIO_SetSDIOOperation), (12 bytes).
    Removing stm32f10x_sdio.o(i.SDIO_SetSDIOReadWaitMode), (12 bytes).
    Removing stm32f10x_sdio.o(i.SDIO_StartSDIOReadWait), (12 bytes).
    Removing stm32f10x_sdio.o(i.SDIO_StopSDIOReadWait), (12 bytes).
    Removing stm32f10x_sdio.o(i.SDIO_StructInit), (16 bytes).
    Removing stm32f10x_sdio.o(i.SDIO_WriteData), (12 bytes).
    Removing stm32f10x_spi.o(i.I2S_Cmd), (24 bytes).
    Removing stm32f10x_spi.o(i.I2S_Init), (232 bytes).
    Removing stm32f10x_spi.o(i.I2S_StructInit), (20 bytes).
    Removing stm32f10x_spi.o(i.SPI_BiDirectionalLineConfig), (28 bytes).
    Removing stm32f10x_spi.o(i.SPI_CalculateCRC), (24 bytes).
    Removing stm32f10x_spi.o(i.SPI_Cmd), (24 bytes).
    Removing stm32f10x_spi.o(i.SPI_DataSizeConfig), (18 bytes).
    Removing stm32f10x_spi.o(i.SPI_GetCRC), (16 bytes).
    Removing stm32f10x_spi.o(i.SPI_GetCRCPolynomial), (6 bytes).
    Removing stm32f10x_spi.o(i.SPI_I2S_ClearFlag), (6 bytes).
    Removing stm32f10x_spi.o(i.SPI_I2S_ClearITPendingBit), (20 bytes).
    Removing stm32f10x_spi.o(i.SPI_I2S_DMACmd), (18 bytes).
    Removing stm32f10x_spi.o(i.SPI_I2S_DeInit), (88 bytes).
    Removing stm32f10x_spi.o(i.SPI_I2S_GetFlagStatus), (18 bytes).
    Removing stm32f10x_spi.o(i.SPI_I2S_GetITStatus), (52 bytes).
    Removing stm32f10x_spi.o(i.SPI_I2S_ITConfig), (32 bytes).
    Removing stm32f10x_spi.o(i.SPI_I2S_ReceiveData), (6 bytes).
    Removing stm32f10x_spi.o(i.SPI_I2S_SendData), (4 bytes).
    Removing stm32f10x_spi.o(i.SPI_Init), (60 bytes).
    Removing stm32f10x_spi.o(i.SPI_NSSInternalSoftwareConfig), (30 bytes).
    Removing stm32f10x_spi.o(i.SPI_SSOutputCmd), (24 bytes).
    Removing stm32f10x_spi.o(i.SPI_StructInit), (24 bytes).
    Removing stm32f10x_spi.o(i.SPI_TransmitCRC), (10 bytes).
    Removing stm32f10x_tim.o(i.TI1_Config), (128 bytes).
    Removing stm32f10x_tim.o(i.TI2_Config), (152 bytes).
    Removing stm32f10x_tim.o(i.TI3_Config), (144 bytes).
    Removing stm32f10x_tim.o(i.TI4_Config), (152 bytes).
    Removing stm32f10x_tim.o(i.TIM_ARRPreloadConfig), (24 bytes).
    Removing stm32f10x_tim.o(i.TIM_BDTRConfig), (32 bytes).
    Removing stm32f10x_tim.o(i.TIM_BDTRStructInit), (18 bytes).
    Removing stm32f10x_tim.o(i.TIM_CCPreloadControl), (24 bytes).
    Removing stm32f10x_tim.o(i.TIM_CCxCmd), (30 bytes).
    Removing stm32f10x_tim.o(i.TIM_CCxNCmd), (30 bytes).
    Removing stm32f10x_tim.o(i.TIM_ClearFlag), (6 bytes).
    Removing stm32f10x_tim.o(i.TIM_ClearITPendingBit), (6 bytes).
    Removing stm32f10x_tim.o(i.TIM_ClearOC1Ref), (18 bytes).
    Removing stm32f10x_tim.o(i.TIM_ClearOC2Ref), (24 bytes).
    Removing stm32f10x_tim.o(i.TIM_ClearOC3Ref), (18 bytes).
    Removing stm32f10x_tim.o(i.TIM_ClearOC4Ref), (24 bytes).
    Removing stm32f10x_tim.o(i.TIM_Cmd), (24 bytes).
    Removing stm32f10x_tim.o(i.TIM_CounterModeConfig), (18 bytes).
    Removing stm32f10x_tim.o(i.TIM_CtrlPWMOutputs), (30 bytes).
    Removing stm32f10x_tim.o(i.TIM_DMACmd), (18 bytes).
    Removing stm32f10x_tim.o(i.TIM_DMAConfig), (10 bytes).
    Removing stm32f10x_tim.o(i.TIM_DeInit), (488 bytes).
    Removing stm32f10x_tim.o(i.TIM_ETRClockMode1Config), (54 bytes).
    Removing stm32f10x_tim.o(i.TIM_ETRClockMode2Config), (32 bytes).
    Removing stm32f10x_tim.o(i.TIM_ETRConfig), (28 bytes).
    Removing stm32f10x_tim.o(i.TIM_EncoderInterfaceConfig), (66 bytes).
    Removing stm32f10x_tim.o(i.TIM_ForcedOC1Config), (18 bytes).
    Removing stm32f10x_tim.o(i.TIM_ForcedOC2Config), (26 bytes).
    Removing stm32f10x_tim.o(i.TIM_ForcedOC3Config), (18 bytes).
    Removing stm32f10x_tim.o(i.TIM_ForcedOC4Config), (26 bytes).
    Removing stm32f10x_tim.o(i.TIM_GenerateEvent), (4 bytes).
    Removing stm32f10x_tim.o(i.TIM_GetCapture1), (6 bytes).
    Removing stm32f10x_tim.o(i.TIM_GetCapture2), (6 bytes).
    Removing stm32f10x_tim.o(i.TIM_GetCapture3), (6 bytes).
    Removing stm32f10x_tim.o(i.TIM_GetCapture4), (8 bytes).
    Removing stm32f10x_tim.o(i.TIM_GetCounter), (6 bytes).
    Removing stm32f10x_tim.o(i.TIM_GetFlagStatus), (18 bytes).
    Removing stm32f10x_tim.o(i.TIM_GetITStatus), (34 bytes).
    Removing stm32f10x_tim.o(i.TIM_GetPrescaler), (6 bytes).
    Removing stm32f10x_tim.o(i.TIM_ICInit), (172 bytes).
    Removing stm32f10x_tim.o(i.TIM_ICStructInit), (18 bytes).
    Removing stm32f10x_tim.o(i.TIM_ITConfig), (18 bytes).
    Removing stm32f10x_tim.o(i.TIM_ITRxExternalClockConfig), (24 bytes).
    Removing stm32f10x_tim.o(i.TIM_InternalClockConfig), (12 bytes).
    Removing stm32f10x_tim.o(i.TIM_OC1FastConfig), (18 bytes).
    Removing stm32f10x_tim.o(i.TIM_OC1Init), (152 bytes).
    Removing stm32f10x_tim.o(i.TIM_OC1NPolarityConfig), (18 bytes).
    Removing stm32f10x_tim.o(i.TIM_OC1PolarityConfig), (18 bytes).
    Removing stm32f10x_tim.o(i.TIM_OC1PreloadConfig), (18 bytes).
    Removing stm32f10x_tim.o(i.TIM_OC2FastConfig), (26 bytes).
    Removing stm32f10x_tim.o(i.TIM_OC2Init), (164 bytes).
    Removing stm32f10x_tim.o(i.TIM_OC2NPolarityConfig), (26 bytes).
    Removing stm32f10x_tim.o(i.TIM_OC2PolarityConfig), (26 bytes).
    Removing stm32f10x_tim.o(i.TIM_OC2PreloadConfig), (26 bytes).
    Removing stm32f10x_tim.o(i.TIM_OC3FastConfig), (18 bytes).
    Removing stm32f10x_tim.o(i.TIM_OC3Init), (160 bytes).
    Removing stm32f10x_tim.o(i.TIM_OC3NPolarityConfig), (26 bytes).
    Removing stm32f10x_tim.o(i.TIM_OC3PolarityConfig), (26 bytes).
    Removing stm32f10x_tim.o(i.TIM_OC3PreloadConfig), (18 bytes).
    Removing stm32f10x_tim.o(i.TIM_OC4FastConfig), (26 bytes).
    Removing stm32f10x_tim.o(i.TIM_OC4Init), (124 bytes).
    Removing stm32f10x_tim.o(i.TIM_OC4PolarityConfig), (26 bytes).
    Removing stm32f10x_tim.o(i.TIM_OC4PreloadConfig), (26 bytes).
    Removing stm32f10x_tim.o(i.TIM_OCStructInit), (20 bytes).
    Removing stm32f10x_tim.o(i.TIM_PWMIConfig), (124 bytes).
    Removing stm32f10x_tim.o(i.TIM_PrescalerConfig), (6 bytes).
    Removing stm32f10x_tim.o(i.TIM_SelectCCDMA), (24 bytes).
    Removing stm32f10x_tim.o(i.TIM_SelectCOM), (24 bytes).
    Removing stm32f10x_tim.o(i.TIM_SelectHallSensor), (24 bytes).
    Removing stm32f10x_tim.o(i.TIM_SelectInputTrigger), (18 bytes).
    Removing stm32f10x_tim.o(i.TIM_SelectMasterSlaveMode), (18 bytes).
    Removing stm32f10x_tim.o(i.TIM_SelectOCxM), (82 bytes).
    Removing stm32f10x_tim.o(i.TIM_SelectOnePulseMode), (18 bytes).
    Removing stm32f10x_tim.o(i.TIM_SelectOutputTrigger), (18 bytes).
    Removing stm32f10x_tim.o(i.TIM_SelectSlaveMode), (18 bytes).
    Removing stm32f10x_tim.o(i.TIM_SetAutoreload), (4 bytes).
    Removing stm32f10x_tim.o(i.TIM_SetClockDivision), (18 bytes).
    Removing stm32f10x_tim.o(i.TIM_SetCompare1), (4 bytes).
    Removing stm32f10x_tim.o(i.TIM_SetCompare2), (4 bytes).
    Removing stm32f10x_tim.o(i.TIM_SetCompare3), (4 bytes).
    Removing stm32f10x_tim.o(i.TIM_SetCompare4), (6 bytes).
    Removing stm32f10x_tim.o(i.TIM_SetCounter), (4 bytes).
    Removing stm32f10x_tim.o(i.TIM_SetIC1Prescaler), (18 bytes).
    Removing stm32f10x_tim.o(i.TIM_SetIC2Prescaler), (26 bytes).
    Removing stm32f10x_tim.o(i.TIM_SetIC3Prescaler), (18 bytes).
    Removing stm32f10x_tim.o(i.TIM_SetIC4Prescaler), (26 bytes).
    Removing stm32f10x_tim.o(i.TIM_TIxExternalClockConfig), (62 bytes).
    Removing stm32f10x_tim.o(i.TIM_TimeBaseInit), (164 bytes).
    Removing stm32f10x_tim.o(i.TIM_TimeBaseStructInit), (18 bytes).
    Removing stm32f10x_tim.o(i.TIM_UpdateDisableConfig), (24 bytes).
    Removing stm32f10x_tim.o(i.TIM_UpdateRequestConfig), (24 bytes).
    Removing stm32f10x_usart.o(i.USART_ClearFlag), (18 bytes).
    Removing stm32f10x_usart.o(i.USART_ClearITPendingBit), (30 bytes).
    Removing stm32f10x_usart.o(i.USART_ClockInit), (34 bytes).
    Removing stm32f10x_usart.o(i.USART_ClockStructInit), (12 bytes).
    Removing stm32f10x_usart.o(i.USART_Cmd), (24 bytes).
    Removing stm32f10x_usart.o(i.USART_DMACmd), (18 bytes).
    Removing stm32f10x_usart.o(i.USART_DeInit), (156 bytes).
    Removing stm32f10x_usart.o(i.USART_GetFlagStatus), (26 bytes).
    Removing stm32f10x_usart.o(i.USART_GetITStatus), (84 bytes).
    Removing stm32f10x_usart.o(i.USART_HalfDuplexCmd), (24 bytes).
    Removing stm32f10x_usart.o(i.USART_ITConfig), (74 bytes).
    Removing stm32f10x_usart.o(i.USART_Init), (216 bytes).
    Removing stm32f10x_usart.o(i.USART_IrDACmd), (24 bytes).
    Removing stm32f10x_usart.o(i.USART_IrDAConfig), (18 bytes).
    Removing stm32f10x_usart.o(i.USART_LINBreakDetectLengthConfig), (18 bytes).
    Removing stm32f10x_usart.o(i.USART_LINCmd), (24 bytes).
    Removing stm32f10x_usart.o(i.USART_OneBitMethodCmd), (24 bytes).
    Removing stm32f10x_usart.o(i.USART_OverSampling8Cmd), (22 bytes).
    Removing stm32f10x_usart.o(i.USART_ReceiveData), (10 bytes).
    Removing stm32f10x_usart.o(i.USART_ReceiverWakeUpCmd), (24 bytes).
    Removing stm32f10x_usart.o(i.USART_SendBreak), (10 bytes).
    Removing stm32f10x_usart.o(i.USART_SendData), (8 bytes).
    Removing stm32f10x_usart.o(i.USART_SetAddress), (18 bytes).
    Removing stm32f10x_usart.o(i.USART_SetGuardTime), (16 bytes).
    Removing stm32f10x_usart.o(i.USART_SetPrescaler), (16 bytes).
    Removing stm32f10x_usart.o(i.USART_SmartCardCmd), (24 bytes).
    Removing stm32f10x_usart.o(i.USART_SmartCardNACKCmd), (24 bytes).
    Removing stm32f10x_usart.o(i.USART_StructInit), (24 bytes).
    Removing stm32f10x_usart.o(i.USART_WakeUpConfig), (18 bytes).
    Removing stm32f10x_wwdg.o(i.WWDG_ClearFlag), (12 bytes).
    Removing stm32f10x_wwdg.o(i.WWDG_DeInit), (22 bytes).
    Removing stm32f10x_wwdg.o(i.WWDG_Enable), (16 bytes).
    Removing stm32f10x_wwdg.o(i.WWDG_EnableIT), (12 bytes).
    Removing stm32f10x_wwdg.o(i.WWDG_GetFlagStatus), (12 bytes).
    Removing stm32f10x_wwdg.o(i.WWDG_SetCounter), (16 bytes).
    Removing stm32f10x_wwdg.o(i.WWDG_SetPrescaler), (24 bytes).
    Removing stm32f10x_wwdg.o(i.WWDG_SetWindowValue), (40 bytes).
    Removing main.o(i.doAfter_ms), (108 bytes).
    Removing main.o(.bss), (26 bytes).
    Removing lcd.o(i.LCD_DrawDot), (30 bytes).
    Removing lcd.o(i.LCD_DrawLine), (174 bytes).
    Removing lcd.o(i.LCD_GetPointPixel), (28 bytes).
    Removing lcd.o(i.LCD_Read_PixelData), (54 bytes).
    Removing i2c_gy80.o(i.GPIO_Configuration), (36 bytes).
    Removing i2c_gy80.o(i.I2C_ByteRead), (224 bytes).
    Removing i2c_gy80.o(i.I2C_ByteWrite), (132 bytes).
    Removing i2c_gy80.o(i.I2C_Configuration), (68 bytes).
    Removing i2c_gy80.o(i.I2C_GY80_Init), (36 bytes).
    Removing i2c_gy80.o(i.LongDelay), (10 bytes).
    Removing lcd.o(i.LCD_Read_Data), (12 bytes).

468 unused section(s) (total 19788 bytes) removed from the image.

==============================================================================

Image Symbol Table

    Local Symbols

    Symbol Name                              Value     Ov Type        Size  Object(Section)

    ../clib/../cmprslib/zerorunl.c           0x00000000   Number         0  __dczerorl.o ABSOLUTE
    ../clib/microlib/init/entry.s            0x00000000   Number         0  entry7b.o ABSOLUTE
    ../clib/microlib/init/entry.s            0x00000000   Number         0  entry7a.o ABSOLUTE
    ../clib/microlib/init/entry.s            0x00000000   Number         0  entry5.o ABSOLUTE
    ../clib/microlib/init/entry.s            0x00000000   Number         0  entry2.o ABSOLUTE
    ../clib/microlib/init/entry.s            0x00000000   Number         0  entry10b.o ABSOLUTE
    ../clib/microlib/init/entry.s            0x00000000   Number         0  entry.o ABSOLUTE
    ../clib/microlib/init/entry.s            0x00000000   Number         0  entry11b.o ABSOLUTE
    ../clib/microlib/init/entry.s            0x00000000   Number         0  entry11a.o ABSOLUTE
    ../clib/microlib/init/entry.s            0x00000000   Number         0  entry10a.o ABSOLUTE
    ../clib/microlib/init/entry.s            0x00000000   Number         0  entry9b.o ABSOLUTE
    ../clib/microlib/init/entry.s            0x00000000   Number         0  entry9a.o ABSOLUTE
    ../clib/microlib/init/entry.s            0x00000000   Number         0  entry8b.o ABSOLUTE
    ../clib/microlib/init/entry.s            0x00000000   Number         0  entry8a.o ABSOLUTE
    ../clib/microlib/longlong.c              0x00000000   Number         0  llshl.o ABSOLUTE
    ../clib/microlib/longlong.c              0x00000000   Number         0  llushr.o ABSOLUTE
    ../clib/microlib/stubs.s                 0x00000000   Number         0  iusefp.o ABSOLUTE
    ../fplib/microlib/fpepilogue.c           0x00000000   Number         0  depilogue.o ABSOLUTE
    ../fplib/microlib/fpfix.c                0x00000000   Number         0  dfixi.o ABSOLUTE
    ../fplib/microlib/fpflt.c                0x00000000   Number         0  dflti.o ABSOLUTE
    ../fplib/microlib/fpmul.c                0x00000000   Number         0  dmul.o ABSOLUTE
    ..\..\Libraries\CMSIS\core_cm3.c         0x00000000   Number         0  core_cm3.o ABSOLUTE
    ..\..\Libraries\CMSIS\startup\startup_stm32f10x_hd.s 0x00000000   Number         0  startup_stm32f10x_hd.o ABSOLUTE
    ..\..\Libraries\CMSIS\system_stm32f10x.c 0x00000000   Number         0  system_stm32f10x.o ABSOLUTE
    ..\..\Libraries\FWlib\src\misc.c         0x00000000   Number         0  misc.o ABSOLUTE
    ..\..\Libraries\FWlib\src\stm32f10x_adc.c 0x00000000   Number         0  stm32f10x_adc.o ABSOLUTE
    ..\..\Libraries\FWlib\src\stm32f10x_bkp.c 0x00000000   Number         0  stm32f10x_bkp.o ABSOLUTE
    ..\..\Libraries\FWlib\src\stm32f10x_can.c 0x00000000   Number         0  stm32f10x_can.o ABSOLUTE
    ..\..\Libraries\FWlib\src\stm32f10x_cec.c 0x00000000   Number         0  stm32f10x_cec.o ABSOLUTE
    ..\..\Libraries\FWlib\src\stm32f10x_crc.c 0x00000000   Number         0  stm32f10x_crc.o ABSOLUTE
    ..\..\Libraries\FWlib\src\stm32f10x_dac.c 0x00000000   Number         0  stm32f10x_dac.o ABSOLUTE
    ..\..\Libraries\FWlib\src\stm32f10x_dbgmcu.c 0x00000000   Number         0  stm32f10x_dbgmcu.o ABSOLUTE
    ..\..\Libraries\FWlib\src\stm32f10x_dma.c 0x00000000   Number         0  stm32f10x_dma.o ABSOLUTE
    ..\..\Libraries\FWlib\src\stm32f10x_exti.c 0x00000000   Number         0  stm32f10x_exti.o ABSOLUTE
    ..\..\Libraries\FWlib\src\stm32f10x_flash.c 0x00000000   Number         0  stm32f10x_flash.o ABSOLUTE
    ..\..\Libraries\FWlib\src\stm32f10x_fsmc.c 0x00000000   Number         0  stm32f10x_fsmc.o ABSOLUTE
    ..\..\Libraries\FWlib\src\stm32f10x_gpio.c 0x00000000   Number         0  stm32f10x_gpio.o ABSOLUTE
    ..\..\Libraries\FWlib\src\stm32f10x_i2c.c 0x00000000   Number         0  stm32f10x_i2c.o ABSOLUTE
    ..\..\Libraries\FWlib\src\stm32f10x_iwdg.c 0x00000000   Number         0  stm32f10x_iwdg.o ABSOLUTE
    ..\..\Libraries\FWlib\src\stm32f10x_pwr.c 0x00000000   Number         0  stm32f10x_pwr.o ABSOLUTE
    ..\..\Libraries\FWlib\src\stm32f10x_rcc.c 0x00000000   Number         0  stm32f10x_rcc.o ABSOLUTE
    ..\..\Libraries\FWlib\src\stm32f10x_rtc.c 0x00000000   Number         0  stm32f10x_rtc.o ABSOLUTE
    ..\..\Libraries\FWlib\src\stm32f10x_sdio.c 0x00000000   Number         0  stm32f10x_sdio.o ABSOLUTE
    ..\..\Libraries\FWlib\src\stm32f10x_spi.c 0x00000000   Number         0  stm32f10x_spi.o ABSOLUTE
    ..\..\Libraries\FWlib\src\stm32f10x_tim.c 0x00000000   Number         0  stm32f10x_tim.o ABSOLUTE
    ..\..\Libraries\FWlib\src\stm32f10x_usart.c 0x00000000   Number         0  stm32f10x_usart.o ABSOLUTE
    ..\..\Libraries\FWlib\src\stm32f10x_wwdg.c 0x00000000   Number         0  stm32f10x_wwdg.o ABSOLUTE
    ..\..\User\i2c_GY80.c                    0x00000000   Number         0  i2c_gy80.o ABSOLUTE
    ..\..\User\lcd\lcd.c                     0x00000000   Number         0  lcd.o ABSOLUTE
    ..\..\User\main.c                        0x00000000   Number         0  main.o ABSOLUTE
    ..\..\User\stm32f10x_it.c                0x00000000   Number         0  stm32f10x_it.o ABSOLUTE
    ..\\..\\Libraries\\CMSIS\\core_cm3.c     0x00000000   Number         0  core_cm3.o ABSOLUTE
    dc.s                                     0x00000000   Number         0  dc.o ABSOLUTE
    handlers.s                               0x00000000   Number         0  handlers.o ABSOLUTE
    init.s                                   0x00000000   Number         0  init.o ABSOLUTE
    RESET                                    0x08000000   Section      304  startup_stm32f10x_hd.o(RESET)
    .ARM.Collect$$$$00000000                 0x08000130   Section        0  entry.o(.ARM.Collect$$$$00000000)
    .ARM.Collect$$$$00000001                 0x08000130   Section        4  entry2.o(.ARM.Collect$$$$00000001)
    .ARM.Collect$$$$00000004                 0x08000134   Section        4  entry5.o(.ARM.Collect$$$$00000004)
    .ARM.Collect$$$$00000008                 0x08000138   Section        0  entry7b.o(.ARM.Collect$$$$00000008)
    .ARM.Collect$$$$0000000A                 0x08000138   Section        0  entry8b.o(.ARM.Collect$$$$0000000A)
    .ARM.Collect$$$$0000000B                 0x08000138   Section        8  entry9a.o(.ARM.Collect$$$$0000000B)
    .ARM.Collect$$$$0000000D                 0x08000140   Section        0  entry10a.o(.ARM.Collect$$$$0000000D)
    .ARM.Collect$$$$0000000F                 0x08000140   Section        0  entry11a.o(.ARM.Collect$$$$0000000F)
    .ARM.Collect$$$$00002712                 0x08000140   Section        4  entry2.o(.ARM.Collect$$$$00002712)
    __lit__00000000                          0x08000140   Data           4  entry2.o(.ARM.Collect$$$$00002712)
    .text                                    0x08000144   Section       36  startup_stm32f10x_hd.o(.text)
    .text                                    0x08000168   Section        0  dmul.o(.text)
    .text                                    0x0800024c   Section        0  dflti.o(.text)
    .text                                    0x0800026e   Section        0  dfixi.o(.text)
    .text                                    0x080002ac   Section        0  llushr.o(.text)
    .text                                    0x080002cc   Section        0  depilogue.o(.text)
    .text                                    0x080002cc   Section        0  iusefp.o(.text)
    .text                                    0x08000388   Section       36  init.o(.text)
    .text                                    0x080003ac   Section        0  llshl.o(.text)
    .text                                    0x080003ca   Section        0  __dczerorl.o(.text)
    i.BusFault_Handler                       0x08000404   Section        0  stm32f10x_it.o(i.BusFault_Handler)
    i.DebugMon_Handler                       0x08000408   Section        0  stm32f10x_it.o(i.DebugMon_Handler)
    i.Delay                                  0x0800040a   Section        0  lcd.o(i.Delay)
    i.DelayAndAbuzz                          0x0800041c   Section        0  main.o(i.DelayAndAbuzz)
    i.Delayus                                0x08000430   Section        0  main.o(i.Delayus)
    i.DrawMenu                               0x0800044c   Section        0  lcd.o(i.DrawMenu)
    i.FSMC_NORSRAMCmd                        0x0800296c   Section        0  stm32f10x_fsmc.o(i.FSMC_NORSRAMCmd)
    i.FSMC_NORSRAMInit                       0x080029a0   Section        0  stm32f10x_fsmc.o(i.FSMC_NORSRAMInit)
    i.GPIOConf                               0x08002a88   Section        0  main.o(i.GPIOConf)
    i.GPIO_Init                              0x08002b48   Section        0  stm32f10x_gpio.o(i.GPIO_Init)
    i.GPIO_ReadInputDataBit                  0x08002c5e   Section        0  stm32f10x_gpio.o(i.GPIO_ReadInputDataBit)
    i.GPIO_ResetBits                         0x08002c70   Section        0  stm32f10x_gpio.o(i.GPIO_ResetBits)
    i.GPIO_SetBits                           0x08002c74   Section        0  stm32f10x_gpio.o(i.GPIO_SetBits)
    i.HardFault_Handler                      0x08002c78   Section        0  stm32f10x_it.o(i.HardFault_Handler)
    i.LCD_BackLed_Control                    0x08002c7c   Section        0  lcd.o(i.LCD_BackLed_Control)
    i.LCD_Clear                              0x08002ca0   Section        0  lcd.o(i.LCD_Clear)
    i.LCD_Clear_All                          0x08002cca   Section        0  lcd.o(i.LCD_Clear_All)
    i.LCD_Clear_Arrow                        0x08002ce2   Section        0  lcd.o(i.LCD_Clear_Arrow)
    i.LCD_DrawArrow                          0x08002d10   Section        0  lcd.o(i.LCD_DrawArrow)
    i.LCD_DrawArrow_raw                      0x08002db0   Section        0  lcd.o(i.LCD_DrawArrow_raw)
    i.LCD_DrawChar                           0x08002e68   Section        0  lcd.o(i.LCD_DrawChar)
    i.LCD_DrawString                         0x08002ecc   Section        0  lcd.o(i.LCD_DrawString)
    i.LCD_FSMC_Config                        0x08002f0e   Section        0  lcd.o(i.LCD_FSMC_Config)
    LCD_FSMC_Config                          0x08002f0f   Thumb Code   100  lcd.o(i.LCD_FSMC_Config)
    i.LCD_FillColor                          0x08002f72   Section        0  lcd.o(i.LCD_FillColor)
    LCD_FillColor                            0x08002f73   Thumb Code    32  lcd.o(i.LCD_FillColor)
    i.LCD_GPIO_Config                        0x08002f94   Section        0  lcd.o(i.LCD_GPIO_Config)
    LCD_GPIO_Config                          0x08002f95   Thumb Code   220  lcd.o(i.LCD_GPIO_Config)
    i.LCD_INIT                               0x08003078   Section        0  lcd.o(i.LCD_INIT)
    i.LCD_OpenWindow                         0x080030a6   Section        0  lcd.o(i.LCD_OpenWindow)
    i.LCD_REG_Config                         0x08003108   Section        0  lcd.o(i.LCD_REG_Config)
    LCD_REG_Config                           0x08003109   Thumb Code   556  lcd.o(i.LCD_REG_Config)
    i.LCD_Rst                                0x08003338   Section        0  lcd.o(i.LCD_Rst)
    i.LCD_Write_Cmd                          0x08003360   Section        0  lcd.o(i.LCD_Write_Cmd)
    i.LCD_Write_Data                         0x08003368   Section        0  lcd.o(i.LCD_Write_Data)
    i.MILLIS_Init                            0x08003374   Section        0  main.o(i.MILLIS_Init)
    i.MemManage_Handler                      0x0800342c   Section        0  stm32f10x_it.o(i.MemManage_Handler)
    i.NMI_Handler                            0x08003430   Section        0  stm32f10x_it.o(i.NMI_Handler)
    i.NVIC_Init                              0x08003434   Section        0  misc.o(i.NVIC_Init)
    i.PWR_BackupAccessCmd                    0x080034a4   Section        0  stm32f10x_pwr.o(i.PWR_BackupAccessCmd)
    i.PendSV_Handler                         0x080034b0   Section        0  stm32f10x_it.o(i.PendSV_Handler)
    i.RCC_AHBPeriphClockCmd                  0x080034b4   Section        0  stm32f10x_rcc.o(i.RCC_AHBPeriphClockCmd)
    i.RCC_APB1PeriphClockCmd                 0x080034d4   Section        0  stm32f10x_rcc.o(i.RCC_APB1PeriphClockCmd)
    i.RCC_APB2PeriphClockCmd                 0x080034f4   Section        0  stm32f10x_rcc.o(i.RCC_APB2PeriphClockCmd)
    i.RCC_RTCCLKCmd                          0x08003514   Section        0  stm32f10x_rcc.o(i.RCC_RTCCLKCmd)
    i.RCC_RTCCLKConfig                       0x08003520   Section        0  stm32f10x_rcc.o(i.RCC_RTCCLKConfig)
    i.RTCAlarm_IRQHandler                    0x08003530   Section        0  main.o(i.RTCAlarm_IRQHandler)
    i.RTC_ClearITPendingBit                  0x0800353c   Section        0  stm32f10x_rtc.o(i.RTC_ClearITPendingBit)
    i.RTC_EnterConfigMode                    0x0800354c   Section        0  stm32f10x_rtc.o(i.RTC_EnterConfigMode)
    i.RTC_ExitConfigMode                     0x08003560   Section        0  stm32f10x_rtc.o(i.RTC_ExitConfigMode)
    i.RTC_GetITStatus                        0x08003574   Section        0  stm32f10x_rtc.o(i.RTC_GetITStatus)
    i.RTC_IRQHandler                         0x08003598   Section        0  main.o(i.RTC_IRQHandler)
    i.RTC_ITConfig                           0x080035bc   Section        0  stm32f10x_rtc.o(i.RTC_ITConfig)
    i.RTC_SetCounter                         0x080035dc   Section        0  stm32f10x_rtc.o(i.RTC_SetCounter)
    i.RTC_SetPrescaler                       0x080035f8   Section        0  stm32f10x_rtc.o(i.RTC_SetPrescaler)
    i.RTC_WaitForLastTask                    0x08003618   Section        0  stm32f10x_rtc.o(i.RTC_WaitForLastTask)
    i.RTC_WaitForSynchro                     0x0800362c   Section        0  stm32f10x_rtc.o(i.RTC_WaitForSynchro)
    i.SVC_Handler                            0x08003650   Section        0  stm32f10x_it.o(i.SVC_Handler)
    i.SetSysClock                            0x08003652   Section        0  system_stm32f10x.o(i.SetSysClock)
    SetSysClock                              0x08003653   Thumb Code     8  system_stm32f10x.o(i.SetSysClock)
    i.SetSysClockTo72                        0x0800365c   Section        0  system_stm32f10x.o(i.SetSysClockTo72)
    SetSysClockTo72                          0x0800365d   Thumb Code   214  system_stm32f10x.o(i.SetSysClockTo72)
    i.Step                                   0x0800373c   Section        0  main.o(i.Step)
    i.StpPSec                                0x080037aa   Section        0  main.o(i.StpPSec)
    i.SysTick_Handler                        0x080037d4   Section        0  stm32f10x_it.o(i.SysTick_Handler)
    i.SystemInit                             0x080037d8   Section        0  system_stm32f10x.o(i.SystemInit)
    i.UsageFault_Handler                     0x08003838   Section        0  stm32f10x_it.o(i.UsageFault_Handler)
    i.__scatterload_copy                     0x0800383c   Section       14  handlers.o(i.__scatterload_copy)
    i.__scatterload_null                     0x0800384a   Section        2  handlers.o(i.__scatterload_null)
    i.__scatterload_zeroinit                 0x0800384c   Section       14  handlers.o(i.__scatterload_zeroinit)
    i.buzzer                                 0x0800385c   Section        0  main.o(i.buzzer)
    i.digitalRead                            0x0800388c   Section        0  main.o(i.digitalRead)
    i.digitalWrite                           0x08003908   Section        0  main.o(i.digitalWrite)
    i.main                                   0x080039c0   Section        0  main.o(i.main)
    i.millis                                 0x08006920   Section        0  main.o(i.millis)
    i.motor                                  0x08006934   Section        0  main.o(i.motor)
    i.shutterNow                             0x080069ae   Section        0  main.o(i.shutterNow)
    .constdata                               0x080069c2   Section     1520  lcd.o(.constdata)
    .data                                    0x20000000   Section      240  main.o(.data)
    .data                                    0x200000f0   Section       73  lcd.o(.data)
    STACK                                    0x20000140   Section     1024  startup_stm32f10x_hd.o(STACK)

    Global Symbols

    Symbol Name                              Value     Ov Type        Size  Object(Section)

    BuildAttributes$$THM_ISAv4$P$D$K$B$S$PE$A:L22UL41UL21$X:L11$S22US41US21$IEEE1$IW$USESV6$~STKCKD$USESV7$~SHL$OSPACE$ROPI$EBA8$MICROLIB$REQ8$PRES8$EABIv2 0x00000000   Number         0  anon$$obj.o ABSOLUTE
    __ARM_use_no_argv                        0x00000000   Number         0  main.o ABSOLUTE
    __cpp_initialize__aeabi_                  - Undefined Weak Reference
    __cxa_finalize                            - Undefined Weak Reference
    _clock_init                               - Undefined Weak Reference
    _microlib_exit                            - Undefined Weak Reference
    __Vectors_Size                           0x00000130   Number         0  startup_stm32f10x_hd.o ABSOLUTE
    __Vectors                                0x08000000   Data           4  startup_stm32f10x_hd.o(RESET)
    __Vectors_End                            0x08000130   Data           0  startup_stm32f10x_hd.o(RESET)
    __main                                   0x08000131   Thumb Code     0  entry.o(.ARM.Collect$$$$00000000)
    _main_stk                                0x08000131   Thumb Code     0  entry2.o(.ARM.Collect$$$$00000001)
    _main_scatterload                        0x08000135   Thumb Code     0  entry5.o(.ARM.Collect$$$$00000004)
    __main_after_scatterload                 0x08000139   Thumb Code     0  entry5.o(.ARM.Collect$$$$00000004)
    _main_clock                              0x08000139   Thumb Code     0  entry7b.o(.ARM.Collect$$$$00000008)
    _main_cpp_init                           0x08000139   Thumb Code     0  entry8b.o(.ARM.Collect$$$$0000000A)
    _main_init                               0x08000139   Thumb Code     0  entry9a.o(.ARM.Collect$$$$0000000B)
    __rt_final_cpp                           0x08000141   Thumb Code     0  entry10a.o(.ARM.Collect$$$$0000000D)
    __rt_final_exit                          0x08000141   Thumb Code     0  entry11a.o(.ARM.Collect$$$$0000000F)
    Reset_Handler                            0x08000145   Thumb Code     8  startup_stm32f10x_hd.o(.text)
    ADC1_2_IRQHandler                        0x0800015f   Thumb Code     0  startup_stm32f10x_hd.o(.text)
    ADC3_IRQHandler                          0x0800015f   Thumb Code     0  startup_stm32f10x_hd.o(.text)
    CAN1_RX1_IRQHandler                      0x0800015f   Thumb Code     0  startup_stm32f10x_hd.o(.text)
    CAN1_SCE_IRQHandler                      0x0800015f   Thumb Code     0  startup_stm32f10x_hd.o(.text)
    DMA1_Channel1_IRQHandler                 0x0800015f   Thumb Code     0  startup_stm32f10x_hd.o(.text)
    DMA1_Channel2_IRQHandler                 0x0800015f   Thumb Code     0  startup_stm32f10x_hd.o(.text)
    DMA1_Channel3_IRQHandler                 0x0800015f   Thumb Code     0  startup_stm32f10x_hd.o(.text)
    DMA1_Channel4_IRQHandler                 0x0800015f   Thumb Code     0  startup_stm32f10x_hd.o(.text)
    DMA1_Channel5_IRQHandler                 0x0800015f   Thumb Code     0  startup_stm32f10x_hd.o(.text)
    DMA1_Channel6_IRQHandler                 0x0800015f   Thumb Code     0  startup_stm32f10x_hd.o(.text)
    DMA1_Channel7_IRQHandler                 0x0800015f   Thumb Code     0  startup_stm32f10x_hd.o(.text)
    DMA2_Channel1_IRQHandler                 0x0800015f   Thumb Code     0  startup_stm32f10x_hd.o(.text)
    DMA2_Channel2_IRQHandler                 0x0800015f   Thumb Code     0  startup_stm32f10x_hd.o(.text)
    DMA2_Channel3_IRQHandler                 0x0800015f   Thumb Code     0  startup_stm32f10x_hd.o(.text)
    DMA2_Channel4_5_IRQHandler               0x0800015f   Thumb Code     0  startup_stm32f10x_hd.o(.text)
    EXTI0_IRQHandler                         0x0800015f   Thumb Code     0  startup_stm32f10x_hd.o(.text)
    EXTI15_10_IRQHandler                     0x0800015f   Thumb Code     0  startup_stm32f10x_hd.o(.text)
    EXTI1_IRQHandler                         0x0800015f   Thumb Code     0  startup_stm32f10x_hd.o(.text)
    EXTI2_IRQHandler                         0x0800015f   Thumb Code     0  startup_stm32f10x_hd.o(.text)
    EXTI3_IRQHandler                         0x0800015f   Thumb Code     0  startup_stm32f10x_hd.o(.text)
    EXTI4_IRQHandler                         0x0800015f   Thumb Code     0  startup_stm32f10x_hd.o(.text)
    EXTI9_5_IRQHandler                       0x0800015f   Thumb Code     0  startup_stm32f10x_hd.o(.text)
    FLASH_IRQHandler                         0x0800015f   Thumb Code     0  startup_stm32f10x_hd.o(.text)
    FSMC_IRQHandler                          0x0800015f   Thumb Code     0  startup_stm32f10x_hd.o(.text)
    I2C1_ER_IRQHandler                       0x0800015f   Thumb Code     0  startup_stm32f10x_hd.o(.text)
    I2C1_EV_IRQHandler                       0x0800015f   Thumb Code     0  startup_stm32f10x_hd.o(.text)
    I2C2_ER_IRQHandler                       0x0800015f   Thumb Code     0  startup_stm32f10x_hd.o(.text)
    I2C2_EV_IRQHandler                       0x0800015f   Thumb Code     0  startup_stm32f10x_hd.o(.text)
    PVD_IRQHandler                           0x0800015f   Thumb Code     0  startup_stm32f10x_hd.o(.text)
    RCC_IRQHandler                           0x0800015f   Thumb Code     0  startup_stm32f10x_hd.o(.text)
    SDIO_IRQHandler                          0x0800015f   Thumb Code     0  startup_stm32f10x_hd.o(.text)
    SPI1_IRQHandler                          0x0800015f   Thumb Code     0  startup_stm32f10x_hd.o(.text)
    SPI2_IRQHandler                          0x0800015f   Thumb Code     0  startup_stm32f10x_hd.o(.text)
    SPI3_IRQHandler                          0x0800015f   Thumb Code     0  startup_stm32f10x_hd.o(.text)
    TAMPER_IRQHandler                        0x0800015f   Thumb Code     0  startup_stm32f10x_hd.o(.text)
    TIM1_BRK_IRQHandler                      0x0800015f   Thumb Code     0  startup_stm32f10x_hd.o(.text)
    TIM1_CC_IRQHandler                       0x0800015f   Thumb Code     0  startup_stm32f10x_hd.o(.text)
    TIM1_TRG_COM_IRQHandler                  0x0800015f   Thumb Code     0  startup_stm32f10x_hd.o(.text)
    TIM1_UP_IRQHandler                       0x0800015f   Thumb Code     0  startup_stm32f10x_hd.o(.text)
    TIM2_IRQHandler                          0x0800015f   Thumb Code     0  startup_stm32f10x_hd.o(.text)
    TIM3_IRQHandler                          0x0800015f   Thumb Code     0  startup_stm32f10x_hd.o(.text)
    TIM4_IRQHandler                          0x0800015f   Thumb Code     0  startup_stm32f10x_hd.o(.text)
    TIM5_IRQHandler                          0x0800015f   Thumb Code     0  startup_stm32f10x_hd.o(.text)
    TIM6_IRQHandler                          0x0800015f   Thumb Code     0  startup_stm32f10x_hd.o(.text)
    TIM7_IRQHandler                          0x0800015f   Thumb Code     0  startup_stm32f10x_hd.o(.text)
    TIM8_BRK_IRQHandler                      0x0800015f   Thumb Code     0  startup_stm32f10x_hd.o(.text)
    TIM8_CC_IRQHandler                       0x0800015f   Thumb Code     0  startup_stm32f10x_hd.o(.text)
    TIM8_TRG_COM_IRQHandler                  0x0800015f   Thumb Code     0  startup_stm32f10x_hd.o(.text)
    TIM8_UP_IRQHandler                       0x0800015f   Thumb Code     0  startup_stm32f10x_hd.o(.text)
    UART4_IRQHandler                         0x0800015f   Thumb Code     0  startup_stm32f10x_hd.o(.text)
    UART5_IRQHandler                         0x0800015f   Thumb Code     0  startup_stm32f10x_hd.o(.text)
    USART1_IRQHandler                        0x0800015f   Thumb Code     0  startup_stm32f10x_hd.o(.text)
    USART2_IRQHandler                        0x0800015f   Thumb Code     0  startup_stm32f10x_hd.o(.text)
    USART3_IRQHandler                        0x0800015f   Thumb Code     0  startup_stm32f10x_hd.o(.text)
    USBWakeUp_IRQHandler                     0x0800015f   Thumb Code     0  startup_stm32f10x_hd.o(.text)
    USB_HP_CAN1_TX_IRQHandler                0x0800015f   Thumb Code     0  startup_stm32f10x_hd.o(.text)
    USB_LP_CAN1_RX0_IRQHandler               0x0800015f   Thumb Code     0  startup_stm32f10x_hd.o(.text)
    WWDG_IRQHandler                          0x0800015f   Thumb Code     0  startup_stm32f10x_hd.o(.text)
    __aeabi_dmul                             0x08000169   Thumb Code   228  dmul.o(.text)
    __aeabi_i2d                              0x0800024d   Thumb Code    34  dflti.o(.text)
    __aeabi_d2iz                             0x0800026f   Thumb Code    62  dfixi.o(.text)
    __aeabi_llsr                             0x080002ad   Thumb Code    32  llushr.o(.text)
    _ll_ushift_r                             0x080002ad   Thumb Code     0  llushr.o(.text)
    __I$use$fp                               0x080002cd   Thumb Code     0  iusefp.o(.text)
    _double_round                            0x080002cd   Thumb Code    30  depilogue.o(.text)
    _double_epilogue                         0x080002eb   Thumb Code   156  depilogue.o(.text)
    __scatterload                            0x08000389   Thumb Code    28  init.o(.text)
    __scatterload_rt2                        0x08000389   Thumb Code     0  init.o(.text)
    __aeabi_llsl                             0x080003ad   Thumb Code    30  llshl.o(.text)
    _ll_shift_l                              0x080003ad   Thumb Code     0  llshl.o(.text)
    __decompress                             0x080003cb   Thumb Code     0  __dczerorl.o(.text)
    __decompress0                            0x080003cb   Thumb Code    58  __dczerorl.o(.text)
    BusFault_Handler                         0x08000405   Thumb Code     4  stm32f10x_it.o(i.BusFault_Handler)
    DebugMon_Handler                         0x08000409   Thumb Code     2  stm32f10x_it.o(i.DebugMon_Handler)
    Delay                                    0x0800040b   Thumb Code    18  lcd.o(i.Delay)
    DelayAndAbuzz                            0x0800041d   Thumb Code    16  main.o(i.DelayAndAbuzz)
    Delayus                                  0x08000431   Thumb Code    28  main.o(i.Delayus)
    DrawMenu                                 0x0800044d   Thumb Code  9418  lcd.o(i.DrawMenu)
    FSMC_NORSRAMCmd                          0x0800296d   Thumb Code    46  stm32f10x_fsmc.o(i.FSMC_NORSRAMCmd)
    FSMC_NORSRAMInit                         0x080029a1   Thumb Code   230  stm32f10x_fsmc.o(i.FSMC_NORSRAMInit)
    GPIOConf                                 0x08002a89   Thumb Code   180  main.o(i.GPIOConf)
    GPIO_Init                                0x08002b49   Thumb Code   278  stm32f10x_gpio.o(i.GPIO_Init)
    GPIO_ReadInputDataBit                    0x08002c5f   Thumb Code    18  stm32f10x_gpio.o(i.GPIO_ReadInputDataBit)
    GPIO_ResetBits                           0x08002c71   Thumb Code     4  stm32f10x_gpio.o(i.GPIO_ResetBits)
    GPIO_SetBits                             0x08002c75   Thumb Code     4  stm32f10x_gpio.o(i.GPIO_SetBits)
    HardFault_Handler                        0x08002c79   Thumb Code     4  stm32f10x_it.o(i.HardFault_Handler)
    LCD_BackLed_Control                      0x08002c7d   Thumb Code    30  lcd.o(i.LCD_BackLed_Control)
    LCD_Clear                                0x08002ca1   Thumb Code    42  lcd.o(i.LCD_Clear)
    LCD_Clear_All                            0x08002ccb   Thumb Code    24  lcd.o(i.LCD_Clear_All)
    LCD_Clear_Arrow                          0x08002ce3   Thumb Code    46  lcd.o(i.LCD_Clear_Arrow)
    LCD_DrawArrow                            0x08002d11   Thumb Code   160  lcd.o(i.LCD_DrawArrow)
    LCD_DrawArrow_raw                        0x08002db1   Thumb Code   184  lcd.o(i.LCD_DrawArrow_raw)
    LCD_DrawChar                             0x08002e69   Thumb Code    96  lcd.o(i.LCD_DrawChar)
    LCD_DrawString                           0x08002ecd   Thumb Code    66  lcd.o(i.LCD_DrawString)
    LCD_INIT                                 0x08003079   Thumb Code    46  lcd.o(i.LCD_INIT)
    LCD_OpenWindow                           0x080030a7   Thumb Code    96  lcd.o(i.LCD_OpenWindow)
    LCD_Rst                                  0x08003339   Thumb Code    32  lcd.o(i.LCD_Rst)
    LCD_Write_Cmd                            0x08003361   Thumb Code     8  lcd.o(i.LCD_Write_Cmd)
    LCD_Write_Data                           0x08003369   Thumb Code     6  lcd.o(i.LCD_Write_Data)
    MILLIS_Init                              0x08003375   Thumb Code   180  main.o(i.MILLIS_Init)
    MemManage_Handler                        0x0800342d   Thumb Code     4  stm32f10x_it.o(i.MemManage_Handler)
    NMI_Handler                              0x08003431   Thumb Code     2  stm32f10x_it.o(i.NMI_Handler)
    NVIC_Init                                0x08003435   Thumb Code   100  misc.o(i.NVIC_Init)
    PWR_BackupAccessCmd                      0x080034a5   Thumb Code     6  stm32f10x_pwr.o(i.PWR_BackupAccessCmd)
    PendSV_Handler                           0x080034b1   Thumb Code     2  stm32f10x_it.o(i.PendSV_Handler)
    RCC_AHBPeriphClockCmd                    0x080034b5   Thumb Code    26  stm32f10x_rcc.o(i.RCC_AHBPeriphClockCmd)
    RCC_APB1PeriphClockCmd                   0x080034d5   Thumb Code    26  stm32f10x_rcc.o(i.RCC_APB1PeriphClockCmd)
    RCC_APB2PeriphClockCmd                   0x080034f5   Thumb Code    26  stm32f10x_rcc.o(i.RCC_APB2PeriphClockCmd)
    RCC_RTCCLKCmd                            0x08003515   Thumb Code     6  stm32f10x_rcc.o(i.RCC_RTCCLKCmd)
    RCC_RTCCLKConfig                         0x08003521   Thumb Code    12  stm32f10x_rcc.o(i.RCC_RTCCLKConfig)
    RTCAlarm_IRQHandler                      0x08003531   Thumb Code    10  main.o(i.RTCAlarm_IRQHandler)
    RTC_ClearITPendingBit                    0x0800353d   Thumb Code    12  stm32f10x_rtc.o(i.RTC_ClearITPendingBit)
    RTC_EnterConfigMode                      0x0800354d   Thumb Code    14  stm32f10x_rtc.o(i.RTC_EnterConfigMode)
    RTC_ExitConfigMode                       0x08003561   Thumb Code    16  stm32f10x_rtc.o(i.RTC_ExitConfigMode)
    RTC_GetITStatus                          0x08003575   Thumb Code    32  stm32f10x_rtc.o(i.RTC_GetITStatus)
    RTC_IRQHandler                           0x08003599   Thumb Code    32  main.o(i.RTC_IRQHandler)
    RTC_ITConfig                             0x080035bd   Thumb Code    26  stm32f10x_rtc.o(i.RTC_ITConfig)
    RTC_SetCounter                           0x080035dd   Thumb Code    24  stm32f10x_rtc.o(i.RTC_SetCounter)
    RTC_SetPrescaler                         0x080035f9   Thumb Code    26  stm32f10x_rtc.o(i.RTC_SetPrescaler)
    RTC_WaitForLastTask                      0x08003619   Thumb Code    16  stm32f10x_rtc.o(i.RTC_WaitForLastTask)
    RTC_WaitForSynchro                       0x0800362d   Thumb Code    30  stm32f10x_rtc.o(i.RTC_WaitForSynchro)
    SVC_Handler                              0x08003651   Thumb Code     2  stm32f10x_it.o(i.SVC_Handler)
    Step                                     0x0800373d   Thumb Code   110  main.o(i.Step)
    StpPSec                                  0x080037ab   Thumb Code    42  main.o(i.StpPSec)
    SysTick_Handler                          0x080037d5   Thumb Code     2  stm32f10x_it.o(i.SysTick_Handler)
    SystemInit                               0x080037d9   Thumb Code    78  system_stm32f10x.o(i.SystemInit)
    UsageFault_Handler                       0x08003839   Thumb Code     4  stm32f10x_it.o(i.UsageFault_Handler)
    __scatterload_copy                       0x0800383d   Thumb Code    14  handlers.o(i.__scatterload_copy)
    __scatterload_null                       0x0800384b   Thumb Code     2  handlers.o(i.__scatterload_null)
    __scatterload_zeroinit                   0x0800384d   Thumb Code    14  handlers.o(i.__scatterload_zeroinit)
    buzzer                                   0x0800385d   Thumb Code    44  main.o(i.buzzer)
    digitalRead                              0x0800388d   Thumb Code   114  main.o(i.digitalRead)
    digitalWrite                             0x08003909   Thumb Code   172  main.o(i.digitalWrite)
    main                                     0x080039c1   Thumb Code 12088  main.o(i.main)
    millis                                   0x08006921   Thumb Code    16  main.o(i.millis)
    motor                                    0x08006935   Thumb Code   122  main.o(i.motor)
    shutterNow                               0x080069af   Thumb Code    20  main.o(i.shutterNow)
    ucAscii_1608                             0x080069c2   Data        1520  lcd.o(.constdata)
    Region$$Table$$Base                      0x08006fb4   Number         0  anon$$obj.o(Region$$Table)
    Region$$Table$$Limit                     0x08006fd4   Number         0  anon$$obj.o(Region$$Table)
    defaultDoSomeThing                       0x20000000   Data           4  main.o(.data)
    GPIO_InitStructure                       0x20000004   Data           4  main.o(.data)
    ANGLE_LAST_DIGIT                         0x20000008   Data           4  main.o(.data)
    ANGLE                                    0x2000000c   Data           4  main.o(.data)
    motor0Max                                0x20000010   Data           4  main.o(.data)
    motor1Max                                0x20000014   Data           4  main.o(.data)
    motor2Max                                0x20000018   Data           4  main.o(.data)
    currentMenu                              0x2000001c   Data           4  main.o(.data)
    cursor                                   0x20000020   Data           4  main.o(.data)
    TimeLapseFlag                            0x20000024   Data           4  main.o(.data)
    VideoFlag                                0x20000028   Data           4  main.o(.data)
    END_X                                    0x2000002c   Data           4  main.o(.data)
    END_Y                                    0x20000030   Data           4  main.o(.data)
    END_Z                                    0x20000034   Data           4  main.o(.data)
    STR_X                                    0x20000038   Data           4  main.o(.data)
    STR_Y                                    0x2000003c   Data           4  main.o(.data)
    STR_Z                                    0x20000040   Data           4  main.o(.data)
    fames                                    0x20000044   Data           4  main.o(.data)
    interval                                 0x20000048   Data           4  main.o(.data)
    shutterT                                 0x2000004c   Data           4  main.o(.data)
    dir_X                                    0x20000050   Data           4  main.o(.data)
    dir_Y                                    0x20000054   Data           4  main.o(.data)
    dir_Z                                    0x20000058   Data           4  main.o(.data)
    totalTime                                0x2000005c   Data           4  main.o(.data)
    timeLeft                                 0x20000060   Data           4  main.o(.data)
    totalX                                   0x20000064   Data           4  main.o(.data)
    totalY                                   0x20000068   Data           4  main.o(.data)
    totalZ                                   0x2000006c   Data           4  main.o(.data)
    STP_X                                    0x20000070   Data           4  main.o(.data)
    STP_Y                                    0x20000074   Data           4  main.o(.data)
    STP_Z                                    0x20000078   Data           4  main.o(.data)
    nowX                                     0x2000007c   Data           4  main.o(.data)
    nowY                                     0x20000080   Data           4  main.o(.data)
    nowZ                                     0x20000084   Data           4  main.o(.data)
    lastOpenShutter                          0x20000088   Data           4  main.o(.data)
    lastCloseShutter                         0x2000008c   Data           4  main.o(.data)
    speed                                    0x20000090   Data           4  main.o(.data)
    max                                      0x20000094   Data           4  main.o(.data)
    totalTime_us                             0x20000098   Data           4  main.o(.data)
    PeriodX                                  0x2000009c   Data           4  main.o(.data)
    PeriodY                                  0x200000a0   Data           4  main.o(.data)
    PeriodZ                                  0x200000a4   Data           4  main.o(.data)
    lastX                                    0x200000a8   Data           4  main.o(.data)
    lastY                                    0x200000ac   Data           4  main.o(.data)
    lastZ                                    0x200000b0   Data           4  main.o(.data)
    STP_X_160                                0x200000b4   Data           4  main.o(.data)
    STP_Y_160                                0x200000b8   Data           4  main.o(.data)
    STP_Z_160                                0x200000bc   Data           4  main.o(.data)
    CountX                                   0x200000c0   Data           4  main.o(.data)
    CountY                                   0x200000c4   Data           4  main.o(.data)
    CountZ                                   0x200000c8   Data           4  main.o(.data)
    counter                                  0x200000cc   Data           4  main.o(.data)
    lastClear                                0x200000d0   Data           4  main.o(.data)
    nowTime                                  0x200000d4   Data           4  main.o(.data)
    lastSecond                               0x200000d8   Data           4  main.o(.data)
    delta_time                               0x200000dc   Data           4  main.o(.data)
    changeMenuFlag                           0x200000e0   Data           4  main.o(.data)
    Frames_taken                             0x200000e4   Data           4  main.o(.data)
    UpdateRate                               0x200000e8   Data           4  main.o(.data)
    shutterState                             0x200000ec   Data           4  main.o(.data)
    END_X1                                   0x200000f0   Data           1  lcd.o(.data)
    END_X2                                   0x200000f1   Data           1  lcd.o(.data)
    END_X3                                   0x200000f2   Data           1  lcd.o(.data)
    END_X4                                   0x200000f3   Data           1  lcd.o(.data)
    END_Y1                                   0x200000f4   Data           1  lcd.o(.data)
    END_Y2                                   0x200000f5   Data           1  lcd.o(.data)
    END_Y3                                   0x200000f6   Data           1  lcd.o(.data)
    END_Y4                                   0x200000f7   Data           1  lcd.o(.data)
    END_Z1                                   0x200000f8   Data           1  lcd.o(.data)
    END_Z2                                   0x200000f9   Data           1  lcd.o(.data)
    END_Z3                                   0x200000fa   Data           1  lcd.o(.data)
    END_Z4                                   0x200000fb   Data           1  lcd.o(.data)
    STR_X1                                   0x200000fc   Data           1  lcd.o(.data)
    STR_X2                                   0x200000fd   Data           1  lcd.o(.data)
    STR_X3                                   0x200000fe   Data           1  lcd.o(.data)
    STR_X4                                   0x200000ff   Data           1  lcd.o(.data)
    STR_Y1                                   0x20000100   Data           1  lcd.o(.data)
    STR_Y2                                   0x20000101   Data           1  lcd.o(.data)
    STR_Y3                                   0x20000102   Data           1  lcd.o(.data)
    STR_Y4                                   0x20000103   Data           1  lcd.o(.data)
    STR_Z1                                   0x20000104   Data           1  lcd.o(.data)
    STR_Z2                                   0x20000105   Data           1  lcd.o(.data)
    STR_Z3                                   0x20000106   Data           1  lcd.o(.data)
    STR_Z4                                   0x20000107   Data           1  lcd.o(.data)
    fames1                                   0x20000108   Data           1  lcd.o(.data)
    fames2                                   0x20000109   Data           1  lcd.o(.data)
    fames3                                   0x2000010a   Data           1  lcd.o(.data)
    fames4                                   0x2000010b   Data           1  lcd.o(.data)
    interval1                                0x2000010c   Data           1  lcd.o(.data)
    interval2                                0x2000010d   Data           1  lcd.o(.data)
    interval3                                0x2000010e   Data           1  lcd.o(.data)
    interval4                                0x2000010f   Data           1  lcd.o(.data)
    shutterT1                                0x20000110   Data           1  lcd.o(.data)
    shutterT2                                0x20000111   Data           1  lcd.o(.data)
    shutterT3                                0x20000112   Data           1  lcd.o(.data)
    shutterT4                                0x20000113   Data           1  lcd.o(.data)
    Frames_taken1                            0x20000114   Data           1  lcd.o(.data)
    Frames_taken2                            0x20000115   Data           1  lcd.o(.data)
    Frames_taken3                            0x20000116   Data           1  lcd.o(.data)
    Frames_taken4                            0x20000117   Data           1  lcd.o(.data)
    Hour1                                    0x20000118   Data           1  lcd.o(.data)
    Hour2                                    0x20000119   Data           1  lcd.o(.data)
    Minute1                                  0x2000011a   Data           1  lcd.o(.data)
    Minute2                                  0x2000011b   Data           1  lcd.o(.data)
    Second1                                  0x2000011c   Data           1  lcd.o(.data)
    Second2                                  0x2000011d   Data           1  lcd.o(.data)
    Hour                                     0x20000120   Data           4  lcd.o(.data)
    Minute                                   0x20000124   Data           4  lcd.o(.data)
    Second                                   0x20000128   Data           4  lcd.o(.data)
    nowX1                                    0x2000012c   Data           1  lcd.o(.data)
    nowX2                                    0x2000012d   Data           1  lcd.o(.data)
    nowX3                                    0x2000012e   Data           1  lcd.o(.data)
    nowX4                                    0x2000012f   Data           1  lcd.o(.data)
    nowY1                                    0x20000130   Data           1  lcd.o(.data)
    nowY2                                    0x20000131   Data           1  lcd.o(.data)
    nowY3                                    0x20000132   Data           1  lcd.o(.data)
    nowY4                                    0x20000133   Data           1  lcd.o(.data)
    nowZ1                                    0x20000134   Data           1  lcd.o(.data)
    nowZ2                                    0x20000135   Data           1  lcd.o(.data)
    nowZ3                                    0x20000136   Data           1  lcd.o(.data)
    nowZ4                                    0x20000137   Data           1  lcd.o(.data)
    speed1                                   0x20000138   Data           1  lcd.o(.data)
    __initial_sp                             0x20000540   Data           0  startup_stm32f10x_hd.o(STACK)



==============================================================================

Memory Map of the image

  Image Entry point : 0x08000131

  Load Region LR_IROM1 (Base: 0x08000000, Size: 0x00007110, Max: 0x00080000, ABSOLUTE, COMPRESSED[0x00006fdc])

    Execution Region ER_IROM1 (Base: 0x08000000, Size: 0x00006fd4, Max: 0x00080000, ABSOLUTE)

    Base Addr    Size         Type   Attr      Idx    E Section Name        Object

    0x08000000   0x00000130   Data   RO            3    RESET               startup_stm32f10x_hd.o
    0x08000130   0x00000000   Code   RO         3510  * .ARM.Collect$$$$00000000  mc_w.l(entry.o)
    0x08000130   0x00000004   Code   RO         3519    .ARM.Collect$$$$00000001  mc_w.l(entry2.o)
    0x08000134   0x00000004   Code   RO         3522    .ARM.Collect$$$$00000004  mc_w.l(entry5.o)
    0x08000138   0x00000000   Code   RO         3524    .ARM.Collect$$$$00000008  mc_w.l(entry7b.o)
    0x08000138   0x00000000   Code   RO         3526    .ARM.Collect$$$$0000000A  mc_w.l(entry8b.o)
    0x08000138   0x00000008   Code   RO         3527    .ARM.Collect$$$$0000000B  mc_w.l(entry9a.o)
    0x08000140   0x00000000   Code   RO         3529    .ARM.Collect$$$$0000000D  mc_w.l(entry10a.o)
    0x08000140   0x00000000   Code   RO         3531    .ARM.Collect$$$$0000000F  mc_w.l(entry11a.o)
    0x08000140   0x00000004   Code   RO         3520    .ARM.Collect$$$$00002712  mc_w.l(entry2.o)
    0x08000144   0x00000024   Code   RO            4    .text               startup_stm32f10x_hd.o
    0x08000168   0x000000e4   Code   RO         3513    .text               mf_w.l(dmul.o)
    0x0800024c   0x00000022   Code   RO         3515    .text               mf_w.l(dflti.o)
    0x0800026e   0x0000003e   Code   RO         3517    .text               mf_w.l(dfixi.o)
    0x080002ac   0x00000020   Code   RO         3533    .text               mc_w.l(llushr.o)
    0x080002cc   0x00000000   Code   RO         3535    .text               mc_w.l(iusefp.o)
    0x080002cc   0x000000ba   Code   RO         3536    .text               mf_w.l(depilogue.o)
    0x08000386   0x00000002   PAD
    0x08000388   0x00000024   Code   RO         3538    .text               mc_w.l(init.o)
    0x080003ac   0x0000001e   Code   RO         3540    .text               mc_w.l(llshl.o)
    0x080003ca   0x0000003a   Code   RO         3550    .text               mc_w.l(__dczerorl.o)
    0x08000404   0x00000004   Code   RO         3108    i.BusFault_Handler  stm32f10x_it.o
    0x08000408   0x00000002   Code   RO         3109    i.DebugMon_Handler  stm32f10x_it.o
    0x0800040a   0x00000012   Code   RO         3303    i.Delay             lcd.o
    0x0800041c   0x00000014   Code   RO         3171    i.DelayAndAbuzz     main.o
    0x08000430   0x0000001c   Code   RO         3172    i.Delayus           main.o
    0x0800044c   0x00002520   Code   RO         3304    i.DrawMenu          lcd.o
    0x0800296c   0x00000034   Code   RO         1153    i.FSMC_NORSRAMCmd   stm32f10x_fsmc.o
    0x080029a0   0x000000e6   Code   RO         1155    i.FSMC_NORSRAMInit  stm32f10x_fsmc.o
    0x08002a86   0x00000002   PAD
    0x08002a88   0x000000c0   Code   RO         3173    i.GPIOConf          main.o
    0x08002b48   0x00000116   Code   RO         1268    i.GPIO_Init         stm32f10x_gpio.o
    0x08002c5e   0x00000012   Code   RO         1272    i.GPIO_ReadInputDataBit  stm32f10x_gpio.o
    0x08002c70   0x00000004   Code   RO         1275    i.GPIO_ResetBits    stm32f10x_gpio.o
    0x08002c74   0x00000004   Code   RO         1276    i.GPIO_SetBits      stm32f10x_gpio.o
    0x08002c78   0x00000004   Code   RO         3110    i.HardFault_Handler  stm32f10x_it.o
    0x08002c7c   0x00000024   Code   RO         3305    i.LCD_BackLed_Control  lcd.o
    0x08002ca0   0x0000002a   Code   RO         3306    i.LCD_Clear         lcd.o
    0x08002cca   0x00000018   Code   RO         3307    i.LCD_Clear_All     lcd.o
    0x08002ce2   0x0000002e   Code   RO         3308    i.LCD_Clear_Arrow   lcd.o
    0x08002d10   0x000000a0   Code   RO         3309    i.LCD_DrawArrow     lcd.o
    0x08002db0   0x000000b8   Code   RO         3310    i.LCD_DrawArrow_raw  lcd.o
    0x08002e68   0x00000064   Code   RO         3311    i.LCD_DrawChar      lcd.o
    0x08002ecc   0x00000042   Code   RO         3314    i.LCD_DrawString    lcd.o
    0x08002f0e   0x00000064   Code   RO         3315    i.LCD_FSMC_Config   lcd.o
    0x08002f72   0x00000020   Code   RO         3316    i.LCD_FillColor     lcd.o
    0x08002f92   0x00000002   PAD
    0x08002f94   0x000000e4   Code   RO         3317    i.LCD_GPIO_Config   lcd.o
    0x08003078   0x0000002e   Code   RO         3319    i.LCD_INIT          lcd.o
    0x080030a6   0x00000060   Code   RO         3320    i.LCD_OpenWindow    lcd.o
    0x08003106   0x00000002   PAD
    0x08003108   0x00000230   Code   RO         3321    i.LCD_REG_Config    lcd.o
    0x08003338   0x00000028   Code   RO         3323    i.LCD_Rst           lcd.o
    0x08003360   0x00000008   Code   RO         3436    i.LCD_Write_Cmd     lcd.o
    0x08003368   0x0000000c   Code   RO         3431    i.LCD_Write_Data    lcd.o
    0x08003374   0x000000b8   Code   RO         3174    i.MILLIS_Init       main.o
    0x0800342c   0x00000004   Code   RO         3111    i.MemManage_Handler  stm32f10x_it.o
    0x08003430   0x00000002   Code   RO         3112    i.NMI_Handler       stm32f10x_it.o
    0x08003432   0x00000002   PAD
    0x08003434   0x00000070   Code   RO           83    i.NVIC_Init         misc.o
    0x080034a4   0x0000000c   Code   RO         1625    i.PWR_BackupAccessCmd  stm32f10x_pwr.o
    0x080034b0   0x00000002   Code   RO         3113    i.PendSV_Handler    stm32f10x_it.o
    0x080034b2   0x00000002   PAD
    0x080034b4   0x00000020   Code   RO         1689    i.RCC_AHBPeriphClockCmd  stm32f10x_rcc.o
    0x080034d4   0x00000020   Code   RO         1690    i.RCC_APB1PeriphClockCmd  stm32f10x_rcc.o
    0x080034f4   0x00000020   Code   RO         1692    i.RCC_APB2PeriphClockCmd  stm32f10x_rcc.o
    0x08003514   0x0000000c   Code   RO         1715    i.RCC_RTCCLKCmd     stm32f10x_rcc.o
    0x08003520   0x00000010   Code   RO         1716    i.RCC_RTCCLKConfig  stm32f10x_rcc.o
    0x08003530   0x0000000a   Code   RO         3175    i.RTCAlarm_IRQHandler  main.o
    0x0800353a   0x00000002   PAD
    0x0800353c   0x00000010   Code   RO         1889    i.RTC_ClearITPendingBit  stm32f10x_rtc.o
    0x0800354c   0x00000014   Code   RO         1890    i.RTC_EnterConfigMode  stm32f10x_rtc.o
    0x08003560   0x00000014   Code   RO         1891    i.RTC_ExitConfigMode  stm32f10x_rtc.o
    0x08003574   0x00000024   Code   RO         1895    i.RTC_GetITStatus   stm32f10x_rtc.o
    0x08003598   0x00000024   Code   RO         3176    i.RTC_IRQHandler    main.o
    0x080035bc   0x00000020   Code   RO         1896    i.RTC_ITConfig      stm32f10x_rtc.o
    0x080035dc   0x0000001c   Code   RO         1898    i.RTC_SetCounter    stm32f10x_rtc.o
    0x080035f8   0x00000020   Code   RO         1899    i.RTC_SetPrescaler  stm32f10x_rtc.o
    0x08003618   0x00000014   Code   RO         1900    i.RTC_WaitForLastTask  stm32f10x_rtc.o
    0x0800362c   0x00000024   Code   RO         1901    i.RTC_WaitForSynchro  stm32f10x_rtc.o
    0x08003650   0x00000002   Code   RO         3114    i.SVC_Handler       stm32f10x_it.o
    0x08003652   0x00000008   Code   RO           24    i.SetSysClock       system_stm32f10x.o
    0x0800365a   0x00000002   PAD
    0x0800365c   0x000000e0   Code   RO           25    i.SetSysClockTo72   system_stm32f10x.o
    0x0800373c   0x0000006e   Code   RO         3177    i.Step              main.o
    0x080037aa   0x0000002a   Code   RO         3178    i.StpPSec           main.o
    0x080037d4   0x00000002   Code   RO         3115    i.SysTick_Handler   stm32f10x_it.o
    0x080037d6   0x00000002   PAD
    0x080037d8   0x00000060   Code   RO           27    i.SystemInit        system_stm32f10x.o
    0x08003838   0x00000004   Code   RO         3116    i.UsageFault_Handler  stm32f10x_it.o
    0x0800383c   0x0000000e   Code   RO         3544    i.__scatterload_copy  mc_w.l(handlers.o)
    0x0800384a   0x00000002   Code   RO         3545    i.__scatterload_null  mc_w.l(handlers.o)
    0x0800384c   0x0000000e   Code   RO         3546    i.__scatterload_zeroinit  mc_w.l(handlers.o)
    0x0800385a   0x00000002   PAD
    0x0800385c   0x00000030   Code   RO         3179    i.buzzer            main.o
    0x0800388c   0x0000007c   Code   RO         3180    i.digitalRead       main.o
    0x08003908   0x000000b8   Code   RO         3181    i.digitalWrite      main.o
    0x080039c0   0x00002f60   Code   RO         3183    i.main              main.o
    0x08006920   0x00000014   Code   RO         3184    i.millis            main.o
    0x08006934   0x0000007a   Code   RO         3185    i.motor             main.o
    0x080069ae   0x00000014   Code   RO         3186    i.shutterNow        main.o
    0x080069c2   0x000005f0   Data   RO         3324    .constdata          lcd.o
    0x08006fb2   0x00000002   PAD
    0x08006fb4   0x00000020   Data   RO         3542    Region$$Table       anon$$obj.o


    Execution Region RW_IRAM1 (Base: 0x20000000, Size: 0x00000540, Max: 0x00010000, ABSOLUTE, COMPRESSED[0x00000008])

    Base Addr    Size         Type   Attr      Idx    E Section Name        Object

    0x20000000   0x000000f0   Data   RW         3188    .data               main.o
    0x200000f0   0x00000049   Data   RW         3325    .data               lcd.o
    0x20000139   0x00000007   PAD
    0x20000140   0x00000400   Zero   RW            1    STACK               startup_stm32f10x_hd.o


==============================================================================

Image component sizes


      Code (inc. data)   RO Data    RW Data    ZI Data      Debug   Object Name

         0          0          0          0          0       4508   core_cm3.o
     11302       1648       1520         73          0      16411   lcd.o
     13268       1126          0        240          0      17196   main.o
       112         12          0          0          0       1060   misc.o
        36          8        304          0       1024        884   startup_stm32f10x_hd.o
       282          6          0          0          0       1869   stm32f10x_fsmc.o
       304          0          0          0          0       3752   stm32f10x_gpio.o
        26          0          0          0          0       4030   stm32f10x_it.o
        12          6          0          0          0        530   stm32f10x_pwr.o
       124         28          0          0          0       2817   stm32f10x_rcc.o
       240         44          0          0          0       4815   stm32f10x_rtc.o
         0          0          0          0          0      20384   stm32f10x_tim.o
       328         28          0          0          0     223257   system_stm32f10x.o

    ----------------------------------------------------------------------
     26050       2906       1858        316       1028     301513   Object Totals
         0          0         32          0          0          0   (incl. Generated)
        16          0          2          3          4          0   (incl. Padding)

    ----------------------------------------------------------------------

      Code (inc. data)   RO Data    RW Data    ZI Data      Debug   Library Member Name

        58          0          0          0          0          0   __dczerorl.o
         0          0          0          0          0          0   entry.o
         0          0          0          0          0          0   entry10a.o
         0          0          0          0          0          0   entry11a.o
         8          4          0          0          0          0   entry2.o
         4          0          0          0          0          0   entry5.o
         0          0          0          0          0          0   entry7b.o
         0          0          0          0          0          0   entry8b.o
         8          4          0          0          0          0   entry9a.o
        30          0          0          0          0          0   handlers.o
        36          8          0          0          0         68   init.o
         0          0          0          0          0          0   iusefp.o
        30          0          0          0          0         68   llshl.o
        32          0          0          0          0         68   llushr.o
       186          0          0          0          0        176   depilogue.o
        62          0          0          0          0         80   dfixi.o
        34          0          0          0          0         76   dflti.o
       228          0          0          0          0         96   dmul.o

    ----------------------------------------------------------------------
       720         16          0          0          0        632   Library Totals
         4          0          0          0          0          0   (incl. Padding)

    ----------------------------------------------------------------------

      Code (inc. data)   RO Data    RW Data    ZI Data      Debug   Library Name

       206         16          0          0          0        204   mc_w.l
       510          0          0          0          0        428   mf_w.l

    ----------------------------------------------------------------------
       720         16          0          0          0        632   Library Totals

    ----------------------------------------------------------------------

==============================================================================


      Code (inc. data)   RO Data    RW Data    ZI Data      Debug   

     26770       2922       1858        316       1028     298841   Grand Totals
     26770       2922       1858          8       1028     298841   ELF Image Totals (compressed)
     26770       2922       1858          8          0          0   ROM Totals

==============================================================================

    Total RO  Size (Code + RO Data)                28628 (  27.96kB)
    Total RW  Size (RW Data + ZI Data)              1344 (   1.31kB)
    Total ROM Size (Code + RO Data + RW Data)      28636 (  27.96kB)

==============================================================================

